Component: ARM Compiler 5.06 update 6 (build 750) Tool: armlink [4d35ed]

==============================================================================

Section Cross References

    startup_stm32f407xx.o(RESET) refers to startup_stm32f407xx.o(STACK) for __initial_sp
    startup_stm32f407xx.o(RESET) refers to startup_stm32f407xx.o(.text) for Reset_Handler
    startup_stm32f407xx.o(RESET) refers to stm32f4xx_it.o(i.NMI_Handler) for NMI_Handler
    startup_stm32f407xx.o(RESET) refers to stm32f4xx_it.o(i.HardFault_Handler) for HardFault_Handler
    startup_stm32f407xx.o(RESET) refers to stm32f4xx_it.o(i.MemManage_Handler) for MemManage_Handler
    startup_stm32f407xx.o(RESET) refers to stm32f4xx_it.o(i.BusFault_Handler) for BusFault_Handler
    startup_stm32f407xx.o(RESET) refers to stm32f4xx_it.o(i.UsageFault_Handler) for UsageFault_Handler
    startup_stm32f407xx.o(RESET) refers to port.o(.emb_text) for SVC_Handler
    startup_stm32f407xx.o(RESET) refers to stm32f4xx_it.o(i.DebugMon_Handler) for DebugMon_Handler
    startup_stm32f407xx.o(RESET) refers to port.o(i.SysTick_Handler) for SysTick_Handler
    startup_stm32f407xx.o(RESET) refers to stm32f4xx_it.o(i.TIM1_UP_TIM10_IRQHandler) for TIM1_UP_TIM10_IRQHandler
    startup_stm32f407xx.o(.text) refers to system_stm32f4xx.o(i.SystemInit) for SystemInit
    startup_stm32f407xx.o(.text) refers to entry.o(.ARM.Collect$$$$00000000) for __main
    bmp180.o(i.calcAbsAltitude) refers to dflti.o(.text) for __aeabi_i2d
    bmp180.o(i.calcAbsAltitude) refers to dmul.o(.text) for __aeabi_dmul
    bmp180.o(i.calcAbsAltitude) refers to d2f.o(.text) for __aeabi_d2f
    bmp180.o(i.calcPressure) refers to bmp180.o(i.writeByte) for writeByte
    bmp180.o(i.calcPressure) refers to stm32f4xx_hal.o(i.HAL_Delay) for HAL_Delay
    bmp180.o(i.calcPressure) refers to bmp180.o(i.read2Bytes) for read2Bytes
    bmp180.o(i.calcPressure) refers to bmp180.o(i.readByte) for readByte
    bmp180.o(i.calcPressure) refers to pow.o(i.__hardfp_pow) for __hardfp_pow
    bmp180.o(i.calcPressure) refers to dfltui.o(.text) for __aeabi_ui2d
    bmp180.o(i.calcPressure) refers to ddiv.o(.text) for __aeabi_ddiv
    bmp180.o(i.calcPressure) refers to dflti.o(.text) for __aeabi_i2d
    bmp180.o(i.calcPressure) refers to dmul.o(.text) for __aeabi_dmul
    bmp180.o(i.calcPressure) refers to dfixi.o(.text) for __aeabi_d2iz
    bmp180.o(i.calcPressure) refers to d2f.o(.text) for __aeabi_d2f
    bmp180.o(i.calcPressure) refers to dfixui.o(.text) for __aeabi_d2uiz
    bmp180.o(i.calcPressure) refers to dadd.o(.text) for __aeabi_dadd
    bmp180.o(i.calcReferencePressure) refers to bmp180.o(i.calcPressure) for calcPressure
    bmp180.o(i.initBMP180) refers to memcpya.o(.text) for __aeabi_memcpy4
    bmp180.o(i.initBMP180) refers to i2c.o(.bss) for hi2c1
    bmp180.o(i.isBMP180Ready) refers to stm32f4xx_hal_i2c.o(i.HAL_I2C_IsDeviceReady) for HAL_I2C_IsDeviceReady
    bmp180.o(i.read2Bytes) refers to stm32f4xx_hal_i2c.o(i.HAL_I2C_Mem_Read) for HAL_I2C_Mem_Read
    bmp180.o(i.readByte) refers to stm32f4xx_hal_i2c.o(i.HAL_I2C_Mem_Read) for HAL_I2C_Mem_Read
    bmp180.o(i.readCalibrationValues) refers to bmp180.o(i.read2Bytes) for read2Bytes
    bmp180.o(i.writeByte) refers to stm32f4xx_hal_i2c.o(i.HAL_I2C_Mem_Write) for HAL_I2C_Mem_Write
    main.o(i.HAL_TIM_PeriodElapsedCallback) refers to stm32f4xx_hal.o(i.HAL_IncTick) for HAL_IncTick
    main.o(i.SystemClock_Config) refers to memseta.o(.text) for __aeabi_memclr4
    main.o(i.SystemClock_Config) refers to stm32f4xx_hal_rcc.o(i.HAL_RCC_OscConfig) for HAL_RCC_OscConfig
    main.o(i.SystemClock_Config) refers to stm32f4xx_hal_rcc.o(i.HAL_RCC_ClockConfig) for HAL_RCC_ClockConfig
    main.o(i.main) refers to stm32f4xx_hal.o(i.HAL_Init) for HAL_Init
    main.o(i.main) refers to main.o(i.SystemClock_Config) for SystemClock_Config
    main.o(i.main) refers to gpio.o(i.MX_GPIO_Init) for MX_GPIO_Init
    main.o(i.main) refers to i2c.o(i.MX_I2C1_Init) for MX_I2C1_Init
    main.o(i.main) refers to freertos.o(i.MX_FREERTOS_Init) for MX_FREERTOS_Init
    main.o(i.main) refers to cmsis_os.o(i.osKernelStart) for osKernelStart
    freertos.o(i.MX_FREERTOS_Init) refers to memcpya.o(.text) for __aeabi_memcpy4
    freertos.o(i.MX_FREERTOS_Init) refers to cmsis_os.o(i.osThreadCreate) for osThreadCreate
    freertos.o(i.MX_FREERTOS_Init) refers to freertos.o(.constdata) for .constdata
    freertos.o(i.MX_FREERTOS_Init) refers to freertos.o(.data) for .data
    freertos.o(i.StartDefaultTask) refers to cmsis_os.o(i.osDelay) for osDelay
    freertos.o(i.StartTask02) refers to bmp180.o(i.initBMP180) for initBMP180
    freertos.o(i.StartTask02) refers to bmp180.o(i.isBMP180Ready) for isBMP180Ready
    freertos.o(i.StartTask02) refers to bmp180.o(i.readCalibrationValues) for readCalibrationValues
    freertos.o(i.StartTask02) refers to bmp180.o(i.calcPressure) for calcPressure
    freertos.o(i.StartTask02) refers to bmp180.o(i.calcAbsAltitude) for calcAbsAltitude
[...]
    Removing queue.o(i.xQueueGiveFromISR), (156 bytes).
    Removing queue.o(i.xQueueIsQueueEmptyFromISR), (30 bytes).
    Removing queue.o(i.xQueueIsQueueFullFromISR), (34 bytes).
    Removing queue.o(i.xQueuePeekFromISR), (116 bytes).
    Removing queue.o(i.xQueueReceiveFromISR), (154 bytes).
    Removing queue.o(.bss), (64 bytes).
    Removing tasks.o(i.pcTaskGetName), (32 bytes).
    Removing tasks.o(i.prvTaskIsTaskSuspended), (52 bytes).
    Removing tasks.o(i.pvTaskIncrementMutexHeldCount), (24 bytes).
    Removing tasks.o(i.ulTaskNotifyTake), (104 bytes).
    Removing tasks.o(i.uxTaskGetNumberOfTasks), (12 bytes).
    Removing tasks.o(i.uxTaskPriorityGet), (28 bytes).
    Removing tasks.o(i.uxTaskPriorityGetFromISR), (44 bytes).
    Removing tasks.o(i.uxTaskResetEventItemValue), (24 bytes).
    Removing tasks.o(i.vTaskDelete), (172 bytes).
    Removing tasks.o(i.vTaskEndScheduler), (28 bytes).
    Removing tasks.o(i.vTaskMissedYield), (12 bytes).
    Removing tasks.o(i.vTaskNotifyGiveFromISR), (184 bytes).
    Removing tasks.o(i.vTaskPlaceOnEventList), (48 bytes).
    Removing tasks.o(i.vTaskPlaceOnUnorderedEventList), (80 bytes).
    Removing tasks.o(i.vTaskPriorityInherit), (132 bytes).
    Removing tasks.o(i.vTaskPrioritySet), (196 bytes).
    Removing tasks.o(i.vTaskResume), (124 bytes).
    Removing tasks.o(i.vTaskSetTimeOutState), (36 bytes).
    Removing tasks.o(i.vTaskSuspend), (176 bytes).
    Removing tasks.o(i.xTaskCheckForTimeOut), (108 bytes).
    Removing tasks.o(i.xTaskGenericNotify), (204 bytes).
    Removing tasks.o(i.xTaskGenericNotifyFromISR), (240 bytes).
    Removing tasks.o(i.xTaskGetCurrentTaskHandle), (12 bytes).
    Removing tasks.o(i.xTaskGetSchedulerState), (28 bytes).
    Removing tasks.o(i.xTaskGetTickCount), (12 bytes).
    Removing tasks.o(i.xTaskGetTickCountFromISR), (16 bytes).
    Removing tasks.o(i.xTaskNotifyStateClear), (52 bytes).
    Removing tasks.o(i.xTaskNotifyWait), (140 bytes).
    Removing tasks.o(i.xTaskPriorityDisinherit), (152 bytes).
    Removing tasks.o(i.xTaskRemoveFromEventList), (116 bytes).
    Removing tasks.o(i.xTaskRemoveFromUnorderedEventList), (120 bytes).
    Removing tasks.o(i.xTaskResumeFromISR), (136 bytes).
    Removing cmsis_os.o(.rev16_text), (4 bytes).
    Removing cmsis_os.o(.revsh_text), (4 bytes).
    Removing cmsis_os.o(i.inHandlerMode), (12 bytes).
    Removing cmsis_os.o(i.makeCmsisPriority), (14 bytes).
    Removing cmsis_os.o(i.osAbortDelay), (4 bytes).
    Removing cmsis_os.o(i.osDelayUntil), (4 bytes).
    Removing cmsis_os.o(i.osKernelRunning), (18 bytes).
    Removing cmsis_os.o(i.osKernelSysTick), (24 bytes).
    Removing cmsis_os.o(i.osMailAlloc), (12 bytes).
    Removing cmsis_os.o(i.osMailCAlloc), (32 bytes).
    Removing cmsis_os.o(i.osMailCreate), (92 bytes).
    Removing cmsis_os.o(i.osMailFree), (12 bytes).
    Removing cmsis_os.o(i.osMailGet), (148 bytes).
    Removing cmsis_os.o(i.osMailPut), (92 bytes).
    Removing cmsis_os.o(i.osMessageAvailableSpace), (4 bytes).
    Removing cmsis_os.o(i.osMessageCreate), (8 bytes).
    Removing cmsis_os.o(i.osMessageDelete), (24 bytes).
    Removing cmsis_os.o(i.osMessageGet), (152 bytes).
    Removing cmsis_os.o(i.osMessagePeek), (78 bytes).
    Removing cmsis_os.o(i.osMessagePut), (92 bytes).
    Removing cmsis_os.o(i.osMessageWaiting), (30 bytes).
    Removing cmsis_os.o(i.osMutexCreate), (6 bytes).
    Removing cmsis_os.o(i.osMutexDelete), (24 bytes).
    Removing cmsis_os.o(i.osMutexRelease), (80 bytes).
    Removing cmsis_os.o(i.osMutexWait), (104 bytes).
    Removing cmsis_os.o(i.osPoolAlloc), (106 bytes).
    Removing cmsis_os.o(i.osPoolCAlloc), (16 bytes).
    Removing cmsis_os.o(i.osPoolCreate), (94 bytes).
    Removing cmsis_os.o(i.osPoolFree), (48 bytes).
    Removing cmsis_os.o(i.osRecursiveMutexCreate), (4 bytes).
    Removing cmsis_os.o(i.osRecursiveMutexRelease), (4 bytes).
    Removing cmsis_os.o(i.osRecursiveMutexWait), (4 bytes).
    Removing cmsis_os.o(i.osSemaphoreCreate), (38 bytes).
    Removing cmsis_os.o(i.osSemaphoreDelete), (24 bytes).
    Removing cmsis_os.o(i.osSemaphoreGetCount), (4 bytes).
    Removing cmsis_os.o(i.osSemaphoreRelease), (80 bytes).
    Removing cmsis_os.o(i.osSemaphoreWait), (104 bytes).
    Removing cmsis_os.o(i.osSignalSet), (92 bytes).
    Removing cmsis_os.o(i.osSignalWait), (86 bytes).
    Removing cmsis_os.o(i.osSystickHandler), (20 bytes).
    Removing cmsis_os.o(i.osThreadGetId), (4 bytes).
    Removing cmsis_os.o(i.osThreadGetPriority), (32 bytes).
    Removing cmsis_os.o(i.osThreadList), (4 bytes).
    Removing cmsis_os.o(i.osThreadResume), (52 bytes).
    Removing cmsis_os.o(i.osThreadResumeAll), (18 bytes).
    Removing cmsis_os.o(i.osThreadSetPriority), (22 bytes).
    Removing cmsis_os.o(i.osThreadSuspend), (10 bytes).
    Removing cmsis_os.o(i.osThreadSuspendAll), (10 bytes).
    Removing cmsis_os.o(i.osThreadTerminate), (10 bytes).
    Removing cmsis_os.o(i.osThreadYield), (24 bytes).
    Removing cmsis_os.o(i.osTimerCreate), (4 bytes).
    Removing cmsis_os.o(i.osTimerDelete), (4 bytes).
    Removing cmsis_os.o(i.osTimerStart), (4 bytes).
    Removing cmsis_os.o(i.osTimerStop), (4 bytes).
    Removing heap_4.o(i.vPortInitialiseBlocks), (2 bytes).
    Removing heap_4.o(i.xPortGetFreeHeapSize), (12 bytes).
    Removing heap_4.o(i.xPortGetMinimumEverFreeHeapSize), (12 bytes).
    Removing port.o(i.vPortEndScheduler), (32 bytes).
    Removing port.o(i.vPortValidateInterruptPriority), (84 bytes).
    Removing dneg.o(.text), (6 bytes).
    Removing cdcmple.o(.text), (48 bytes).

518 unused section(s) (total 36931 bytes) removed from the image.

==============================================================================

Image Symbol Table

    Local Symbols

    Symbol Name                              Value     Ov Type        Size  Object(Section)

    ../Drivers/STM32F4xx_HAL_Driver/Src/stm32f4xx_hal.c 0x00000000   Number         0  stm32f4xx_hal.o ABSOLUTE
    ../Drivers/STM32F4xx_HAL_Driver/Src/stm32f4xx_hal_cortex.c 0x00000000   Number         0  stm32f4xx_hal_cortex.o ABSOLUTE
    ../Drivers/STM32F4xx_HAL_Driver/Src/stm32f4xx_hal_dma.c 0x00000000   Number         0  stm32f4xx_hal_dma.o ABSOLUTE
    ../Drivers/STM32F4xx_HAL_Driver/Src/stm32f4xx_hal_dma_ex.c 0x00000000   Number         0  stm32f4xx_hal_dma_ex.o ABSOLUTE
    ../Drivers/STM32F4xx_HAL_Driver/Src/stm32f4xx_hal_flash.c 0x00000000   Number         0  stm32f4xx_hal_flash.o ABSOLUTE
    ../Drivers/STM32F4xx_HAL_Driver/Src/stm32f4xx_hal_flash_ex.c 0x00000000   Number         0  stm32f4xx_hal_flash_ex.o ABSOLUTE
    ../Drivers/STM32F4xx_HAL_Driver/Src/stm32f4xx_hal_flash_ramfunc.c 0x00000000   Number         0  stm32f4xx_hal_flash_ramfunc.o ABSOLUTE
    ../Drivers/STM32F4xx_HAL_Driver/Src/stm32f4xx_hal_gpio.c 0x00000000   Number         0  stm32f4xx_hal_gpio.o ABSOLUTE
    ../Drivers/STM32F4xx_HAL_Driver/Src/stm32f4xx_hal_i2c.c 0x00000000   Number         0  stm32f4xx_hal_i2c.o ABSOLUTE
    ../Drivers/STM32F4xx_HAL_Driver/Src/stm32f4xx_hal_i2c_ex.c 0x00000000   Number         0  stm32f4xx_hal_i2c_ex.o ABSOLUTE
    ../Drivers/STM32F4xx_HAL_Driver/Src/stm32f4xx_hal_pwr.c 0x00000000   Number         0  stm32f4xx_hal_pwr.o ABSOLUTE
    ../Drivers/STM32F4xx_HAL_Driver/Src/stm32f4xx_hal_pwr_ex.c 0x00000000   Number         0  stm32f4xx_hal_pwr_ex.o ABSOLUTE
    ../Drivers/STM32F4xx_HAL_Driver/Src/stm32f4xx_hal_rcc.c 0x00000000   Number         0  stm32f4xx_hal_rcc.o ABSOLUTE
    ../Drivers/STM32F4xx_HAL_Driver/Src/stm32f4xx_hal_rcc_ex.c 0x00000000   Number         0  stm32f4xx_hal_rcc_ex.o ABSOLUTE
    ../Drivers/STM32F4xx_HAL_Driver/Src/stm32f4xx_hal_tim.c 0x00000000   Number         0  stm32f4xx_hal_tim.o ABSOLUTE
    ../Drivers/STM32F4xx_HAL_Driver/Src/stm32f4xx_hal_tim_ex.c 0x00000000   Number         0  stm32f4xx_hal_tim_ex.o ABSOLUTE
    ../Middlewares/Third_Party/FreeRTOS/Source/CMSIS_RTOS/cmsis_os.c 0x00000000   Number         0  cmsis_os.o ABSOLUTE
    ../Middlewares/Third_Party/FreeRTOS/Source/croutine.c 0x00000000   Number         0  croutine.o ABSOLUTE
    ../Middlewares/Third_Party/FreeRTOS/Source/event_groups.c 0x00000000   Number         0  event_groups.o ABSOLUTE
    ../Middlewares/Third_Party/FreeRTOS/Source/list.c 0x00000000   Number         0  list.o ABSOLUTE
    ../Middlewares/Third_Party/FreeRTOS/Source/portable/MemMang/heap_4.c 0x00000000   Number         0  heap_4.o ABSOLUTE
    ../Middlewares/Third_Party/FreeRTOS/Source/portable/RVDS/ARM_CM4F/port.c 0x00000000   Number         0  port.o ABSOLUTE
    ../Middlewares/Third_Party/FreeRTOS/Source/queue.c 0x00000000   Number         0  queue.o ABSOLUTE
    ../Middlewares/Third_Party/FreeRTOS/Source/tasks.c 0x00000000   Number         0  tasks.o ABSOLUTE
    ../Middlewares/Third_Party/FreeRTOS/Source/timers.c 0x00000000   Number         0  timers.o ABSOLUTE
    ../Src/freertos.c                        0x00000000   Number         0  freertos.o ABSOLUTE
    ../Src/gpio.c                            0x00000000   Number         0  gpio.o ABSOLUTE
    ../Src/i2c.c                             0x00000000   Number         0  i2c.o ABSOLUTE
    ../Src/main.c                            0x00000000   Number         0  main.o ABSOLUTE
    ../Src/stm32f4xx_hal_msp.c               0x00000000   Number         0  stm32f4xx_hal_msp.o ABSOLUTE
    ../Src/stm32f4xx_hal_timebase_tim.c      0x00000000   Number         0  stm32f4xx_hal_timebase_tim.o ABSOLUTE
    ../Src/stm32f4xx_it.c                    0x00000000   Number         0  stm32f4xx_it.o ABSOLUTE
    ../Src/system_stm32f4xx.c                0x00000000   Number         0  system_stm32f4xx.o ABSOLUTE
    ../clib/microlib/division.c              0x00000000   Number         0  uldiv.o ABSOLUTE
    ../clib/microlib/errno.c                 0x00000000   Number         0  errno.o ABSOLUTE
    ../clib/microlib/init/entry.s            0x00000000   Number         0  entry9b.o ABSOLUTE
    ../clib/microlib/init/entry.s            0x00000000   Number         0  entry11b.o ABSOLUTE
    ../clib/microlib/init/entry.s            0x00000000   Number         0  entry11a.o ABSOLUTE
    ../clib/microlib/init/entry.s            0x00000000   Number         0  entry10b.o ABSOLUTE
    ../clib/microlib/init/entry.s            0x00000000   Number         0  entry10a.o ABSOLUTE
    ../clib/microlib/init/entry.s            0x00000000   Number         0  entry7b.o ABSOLUTE
    ../clib/microlib/init/entry.s            0x00000000   Number         0  entry9a.o ABSOLUTE
    ../clib/microlib/init/entry.s            0x00000000   Number         0  entry8b.o ABSOLUTE
    ../clib/microlib/init/entry.s            0x00000000   Number         0  entry8a.o ABSOLUTE
    ../clib/microlib/init/entry.s            0x00000000   Number         0  entry7a.o ABSOLUTE
    ../clib/microlib/init/entry.s            0x00000000   Number         0  entry5.o ABSOLUTE
    ../clib/microlib/init/entry.s            0x00000000   Number         0  entry.o ABSOLUTE
    ../clib/microlib/init/entry.s            0x00000000   Number         0  entry2.o ABSOLUTE
    ../clib/microlib/longlong.c              0x00000000   Number         0  llshl.o ABSOLUTE
    ../clib/microlib/longlong.c              0x00000000   Number         0  llsshr.o ABSOLUTE
    ../clib/microlib/longlong.c              0x00000000   Number         0  llushr.o ABSOLUTE
    ../clib/microlib/string/memcpy.c         0x00000000   Number         0  memcpya.o ABSOLUTE
    ../clib/microlib/string/memcpy.c         0x00000000   Number         0  memcpyb.o ABSOLUTE
    ../clib/microlib/string/memset.c         0x00000000   Number         0  memseta.o ABSOLUTE
    ../clib/microlib/stubs.s                 0x00000000   Number         0  iusefp.o ABSOLUTE
    ../fplib/microlib/d2f.c                  0x00000000   Number         0  d2f.o ABSOLUTE
    ../fplib/microlib/fpadd.c                0x00000000   Number         0  dadd.o ABSOLUTE
    ../fplib/microlib/fpdiv.c                0x00000000   Number         0  ddiv.o ABSOLUTE
    ../fplib/microlib/fpepilogue.c           0x00000000   Number         0  depilogue.o ABSOLUTE
    ../fplib/microlib/fpepilogue.c           0x00000000   Number         0  fepilogue.o ABSOLUTE
    ../fplib/microlib/fpfix.c                0x00000000   Number         0  dfixui.o ABSOLUTE
    ../fplib/microlib/fpfix.c                0x00000000   Number         0  dfixi.o ABSOLUTE
    ../fplib/microlib/fpflt.c                0x00000000   Number         0  dflti.o ABSOLUTE
    ../fplib/microlib/fpflt.c                0x00000000   Number         0  dfltui.o ABSOLUTE
    ../fplib/microlib/fpmul.c                0x00000000   Number         0  dmul.o ABSOLUTE
    ../fplib/microlib/fpneg.c                0x00000000   Number         0  dneg.o ABSOLUTE
    ../fplib/microlib/fpscalb.c              0x00000000   Number         0  dscalb.o ABSOLUTE
    ../fplib/microlib/fpsqrt.c               0x00000000   Number         0  dsqrt.o ABSOLUTE
    ../mathlib/dunder.c                      0x00000000   Number         0  dunder.o ABSOLUTE
    ../mathlib/fabs.c                        0x00000000   Number         0  fabs.o ABSOLUTE
    ../mathlib/fpclassify.c                  0x00000000   Number         0  fpclassify.o ABSOLUTE
    ../mathlib/poly.c                        0x00000000   Number         0  poly.o ABSOLUTE
    ../mathlib/pow.c                         0x00000000   Number         0  pow_x.o ABSOLUTE
    ../mathlib/pow.c                         0x00000000   Number         0  pow.o ABSOLUTE
    ../mathlib/qnan.c                        0x00000000   Number         0  qnan.o ABSOLUTE
    ../mathlib/sqrt.c                        0x00000000   Number         0  sqrt.o ABSOLUTE
    ../mathlib/sqrt.c                        0x00000000   Number         0  sqrt_x.o ABSOLUTE
    ..\..\Drivers\BMP180\Src\BMP180.c        0x00000000   Number         0  bmp180.o ABSOLUTE
    ..\Drivers\STM32F4xx_HAL_Driver\Src\stm32f4xx_hal.c 0x00000000   Number         0  stm32f4xx_hal.o ABSOLUTE
    ..\Drivers\STM32F4xx_HAL_Driver\Src\stm32f4xx_hal_cortex.c 0x00000000   Number         0  stm32f4xx_hal_cortex.o ABSOLUTE
    ..\Drivers\STM32F4xx_HAL_Driver\Src\stm32f4xx_hal_dma.c 0x00000000   Number         0  stm32f4xx_hal_dma.o ABSOLUTE
    ..\Drivers\STM32F4xx_HAL_Driver\Src\stm32f4xx_hal_dma_ex.c 0x00000000   Number         0  stm32f4xx_hal_dma_ex.o ABSOLUTE
    ..\Drivers\STM32F4xx_HAL_Driver\Src\stm32f4xx_hal_flash.c 0x00000000   Number         0  stm32f4xx_hal_flash.o ABSOLUTE
    ..\Drivers\STM32F4xx_HAL_Driver\Src\stm32f4xx_hal_flash_ex.c 0x00000000   Number         0  stm32f4xx_hal_flash_ex.o ABSOLUTE
    ..\Drivers\STM32F4xx_HAL_Driver\Src\stm32f4xx_hal_flash_ramfunc.c 0x00000000   Number         0  stm32f4xx_hal_flash_ramfunc.o ABSOLUTE
    ..\Drivers\STM32F4xx_HAL_Driver\Src\stm32f4xx_hal_gpio.c 0x00000000   Number         0  stm32f4xx_hal_gpio.o ABSOLUTE
    ..\Drivers\STM32F4xx_HAL_Driver\Src\stm32f4xx_hal_i2c.c 0x00000000   Number         0  stm32f4xx_hal_i2c.o ABSOLUTE
    ..\Drivers\STM32F4xx_HAL_Driver\Src\stm32f4xx_hal_i2c_ex.c 0x00000000   Number         0  stm32f4xx_hal_i2c_ex.o ABSOLUTE
    ..\Drivers\STM32F4xx_HAL_Driver\Src\stm32f4xx_hal_pwr.c 0x00000000   Number         0  stm32f4xx_hal_pwr.o ABSOLUTE
    ..\Drivers\STM32F4xx_HAL_Driver\Src\stm32f4xx_hal_pwr_ex.c 0x00000000   Number         0  stm32f4xx_hal_pwr_ex.o ABSOLUTE
    ..\Drivers\STM32F4xx_HAL_Driver\Src\stm32f4xx_hal_rcc.c 0x00000000   Number         0  stm32f4xx_hal_rcc.o ABSOLUTE
    ..\Drivers\STM32F4xx_HAL_Driver\Src\stm32f4xx_hal_rcc_ex.c 0x00000000   Number         0  stm32f4xx_hal_rcc_ex.o ABSOLUTE
    ..\Drivers\STM32F4xx_HAL_Driver\Src\stm32f4xx_hal_tim.c 0x00000000   Number         0  stm32f4xx_hal_tim.o ABSOLUTE
    ..\Drivers\STM32F4xx_HAL_Driver\Src\stm32f4xx_hal_tim_ex.c 0x00000000   Number         0  stm32f4xx_hal_tim_ex.o ABSOLUTE
    ..\Middlewares\Third_Party\FreeRTOS\Source\CMSIS_RTOS\cmsis_os.c 0x00000000   Number         0  cmsis_os.o ABSOLUTE
    ..\Middlewares\Third_Party\FreeRTOS\Source\portable\RVDS\ARM_CM4F\port.c 0x00000000   Number         0  port.o ABSOLUTE
    ..\Src\freertos.c                        0x00000000   Number         0  freertos.o ABSOLUTE
    ..\Src\gpio.c                            0x00000000   Number         0  gpio.o ABSOLUTE
    ..\Src\i2c.c                             0x00000000   Number         0  i2c.o ABSOLUTE
    ..\Src\main.c                            0x00000000   Number         0  main.o ABSOLUTE
    ..\Src\stm32f4xx_hal_msp.c               0x00000000   Number         0  stm32f4xx_hal_msp.o ABSOLUTE
    ..\Src\stm32f4xx_hal_timebase_tim.c      0x00000000   Number         0  stm32f4xx_hal_timebase_tim.o ABSOLUTE
    ..\Src\stm32f4xx_it.c                    0x00000000   Number         0  stm32f4xx_it.o ABSOLUTE
    ..\Src\system_stm32f4xx.c                0x00000000   Number         0  system_stm32f4xx.o ABSOLUTE
    ..\\..\\Drivers\\BMP180\\Src\\BMP180.c   0x00000000   Number         0  bmp180.o ABSOLUTE
    cdcmple.s                                0x00000000   Number         0  cdcmple.o ABSOLUTE
    cdrcmple.s                               0x00000000   Number         0  cdrcmple.o ABSOLUTE
    dc.s                                     0x00000000   Number         0  dc.o ABSOLUTE
    handlers.s                               0x00000000   Number         0  handlers.o ABSOLUTE
    init.s                                   0x00000000   Number         0  init.o ABSOLUTE
    startup_stm32f407xx.s                    0x00000000   Number         0  startup_stm32f407xx.o ABSOLUTE
    RESET                                    0x08000000   Section      392  startup_stm32f407xx.o(RESET)
    .ARM.Collect$$$$00000000                 0x08000188   Section        0  entry.o(.ARM.Collect$$$$00000000)
    .ARM.Collect$$$$00000001                 0x08000188   Section        4  entry2.o(.ARM.Collect$$$$00000001)
    .ARM.Collect$$$$00000004                 0x0800018c   Section        4  entry5.o(.ARM.Collect$$$$00000004)
    .ARM.Collect$$$$00000008                 0x08000190   Section        0  entry7b.o(.ARM.Collect$$$$00000008)
    .ARM.Collect$$$$0000000A                 0x08000190   Section        0  entry8b.o(.ARM.Collect$$$$0000000A)
    .ARM.Collect$$$$0000000B                 0x08000190   Section        8  entry9a.o(.ARM.Collect$$$$0000000B)
    .ARM.Collect$$$$0000000D                 0x08000198   Section        0  entry10a.o(.ARM.Collect$$$$0000000D)
    .ARM.Collect$$$$0000000F                 0x08000198   Section        0  entry11a.o(.ARM.Collect$$$$0000000F)
    .ARM.Collect$$$$00002712                 0x08000198   Section        4  entry2.o(.ARM.Collect$$$$00002712)
    __lit__00000000                          0x08000198   Data           4  entry2.o(.ARM.Collect$$$$00002712)
    .emb_text                                0x0800019c   Section      186  port.o(.emb_text)
    $v0                                      0x0800019c   Number         0  port.o(.emb_text)
    .text                                    0x08000258   Section       36  startup_stm32f407xx.o(.text)
    $v0                                      0x08000258   Number         0  startup_stm32f407xx.o(.text)
    .text                                    0x0800027c   Section        0  uldiv.o(.text)
    .text                                    0x080002de   Section        0  memcpya.o(.text)
    .text                                    0x08000302   Section        0  memseta.o(.text)
    .text                                    0x08000326   Section        0  dadd.o(.text)
    .text                                    0x08000474   Section        0  dmul.o(.text)
    .text                                    0x08000558   Section        0  ddiv.o(.text)
    .text                                    0x08000636   Section        0  dflti.o(.text)
    .text                                    0x08000658   Section        0  dfltui.o(.text)
    .text                                    0x08000672   Section        0  dfixi.o(.text)
    .text                                    0x080006b0   Section        0  dfixui.o(.text)
    .text                                    0x080006e2   Section        0  d2f.o(.text)
    .text                                    0x0800071a   Section        0  llshl.o(.text)
    .text                                    0x08000738   Section        0  llushr.o(.text)
    .text                                    0x08000758   Section        0  llsshr.o(.text)
    .text                                    0x0800077c   Section        0  fepilogue.o(.text)
    .text                                    0x0800077c   Section        0  iusefp.o(.text)
    .text                                    0x080007ea   Section        0  depilogue.o(.text)
    .text                                    0x080008a4   Section        0  dscalb.o(.text)
    .text                                    0x080008d4   Section       48  cdrcmple.o(.text)
    .text                                    0x08000904   Section       36  init.o(.text)
    .text                                    0x08000928   Section        0  dsqrt.o(.text)
    i.BusFault_Handler                       0x080009ca   Section        0  stm32f4xx_it.o(i.BusFault_Handler)
    i.DebugMon_Handler                       0x080009cc   Section        0  stm32f4xx_it.o(i.DebugMon_Handler)
    i.Error_Handler                          0x080009ce   Section        0  main.o(i.Error_Handler)
    i.HAL_Delay                              0x080009d0   Section        0  stm32f4xx_hal.o(i.HAL_Delay)
    i.HAL_GPIO_Init                          0x080009f4   Section        0  stm32f4xx_hal_gpio.o(i.HAL_GPIO_Init)
    i.HAL_GetTick                            0x08000ba4   Section        0  stm32f4xx_hal.o(i.HAL_GetTick)
    i.HAL_I2C_Init                           0x08000bb0   Section        0  stm32f4xx_hal_i2c.o(i.HAL_I2C_Init)
    i.HAL_I2C_IsDeviceReady                  0x08000cb8   Section        0  stm32f4xx_hal_i2c.o(i.HAL_I2C_IsDeviceReady)
    i.HAL_I2C_Mem_Read                       0x08000e18   Section        0  stm32f4xx_hal_i2c.o(i.HAL_I2C_Mem_Read)
    i.HAL_I2C_Mem_Write                      0x08001014   Section        0  stm32f4xx_hal_i2c.o(i.HAL_I2C_Mem_Write)
    i.HAL_I2C_MspInit                        0x08001150   Section        0  i2c.o(i.HAL_I2C_MspInit)
    i.HAL_IncTick                            0x080011b8   Section        0  stm32f4xx_hal.o(i.HAL_IncTick)
    i.HAL_Init                               0x080011c8   Section        0  stm32f4xx_hal.o(i.HAL_Init)
    i.HAL_InitTick                           0x080011fc   Section        0  stm32f4xx_hal_timebase_tim.o(i.HAL_InitTick)
    i.HAL_MspInit                            0x08001270   Section        0  stm32f4xx_hal_msp.o(i.HAL_MspInit)
    i.HAL_NVIC_EnableIRQ                     0x080012a8   Section        0  stm32f4xx_hal_cortex.o(i.HAL_NVIC_EnableIRQ)
    i.HAL_NVIC_SetPriority                   0x080012c0   Section        0  stm32f4xx_hal_cortex.o(i.HAL_NVIC_SetPriority)
    i.HAL_NVIC_SetPriorityGrouping           0x08001300   Section        0  stm32f4xx_hal_cortex.o(i.HAL_NVIC_SetPriorityGrouping)
    i.HAL_RCC_ClockConfig                    0x08001324   Section        0  stm32f4xx_hal_rcc.o(i.HAL_RCC_ClockConfig)
    i.HAL_RCC_GetClockConfig                 0x08001454   Section        0  stm32f4xx_hal_rcc.o(i.HAL_RCC_GetClockConfig)
    i.HAL_RCC_GetPCLK1Freq                   0x08001494   Section        0  stm32f4xx_hal_rcc.o(i.HAL_RCC_GetPCLK1Freq)
    i.HAL_RCC_GetPCLK2Freq                   0x080014b4   Section        0  stm32f4xx_hal_rcc.o(i.HAL_RCC_GetPCLK2Freq)
    i.HAL_RCC_GetSysClockFreq                0x080014d4   Section        0  stm32f4xx_hal_rcc.o(i.HAL_RCC_GetSysClockFreq)
    i.HAL_RCC_OscConfig                      0x08001538   Section        0  stm32f4xx_hal_rcc.o(i.HAL_RCC_OscConfig)
    i.HAL_TIMEx_BreakCallback                0x08001854   Section        0  stm32f4xx_hal_tim_ex.o(i.HAL_TIMEx_BreakCallback)
    i.HAL_TIMEx_CommutationCallback          0x08001856   Section        0  stm32f4xx_hal_tim_ex.o(i.HAL_TIMEx_CommutationCallback)
    i.HAL_TIM_Base_Init                      0x08001858   Section        0  stm32f4xx_hal_tim.o(i.HAL_TIM_Base_Init)
    i.HAL_TIM_Base_MspInit                   0x0800188e   Section        0  stm32f4xx_hal_tim.o(i.HAL_TIM_Base_MspInit)
    i.HAL_TIM_Base_Start_IT                  0x08001890   Section        0  stm32f4xx_hal_tim.o(i.HAL_TIM_Base_Start_IT)
    i.HAL_TIM_IC_CaptureCallback             0x080018a8   Section        0  stm32f4xx_hal_tim.o(i.HAL_TIM_IC_CaptureCallback)
    i.HAL_TIM_IRQHandler                     0x080018aa   Section        0  stm32f4xx_hal_tim.o(i.HAL_TIM_IRQHandler)
    i.HAL_TIM_OC_DelayElapsedCallback        0x08001a10   Section        0  stm32f4xx_hal_tim.o(i.HAL_TIM_OC_DelayElapsedCallback)
    i.HAL_TIM_PWM_PulseFinishedCallback      0x08001a12   Section        0  stm32f4xx_hal_tim.o(i.HAL_TIM_PWM_PulseFinishedCallback)
    i.HAL_TIM_PeriodElapsedCallback          0x08001a14   Section        0  main.o(i.HAL_TIM_PeriodElapsedCallback)
    i.HAL_TIM_TriggerCallback                0x08001a28   Section        0  stm32f4xx_hal_tim.o(i.HAL_TIM_TriggerCallback)
    i.HardFault_Handler                      0x08001a2a   Section        0  stm32f4xx_it.o(i.HardFault_Handler)
    i.I2C_IsAcknowledgeFailed                0x08001a2c   Section        0  stm32f4xx_hal_i2c.o(i.I2C_IsAcknowledgeFailed)
    I2C_IsAcknowledgeFailed                  0x08001a2d   Thumb Code    40  stm32f4xx_hal_i2c.o(i.I2C_IsAcknowledgeFailed)
    i.I2C_RequestMemoryRead                  0x08001a54   Section        0  stm32f4xx_hal_i2c.o(i.I2C_RequestMemoryRead)
    I2C_RequestMemoryRead                    0x08001a55   Thumb Code   240  stm32f4xx_hal_i2c.o(i.I2C_RequestMemoryRead)
    i.I2C_RequestMemoryWrite                 0x08001b44   Section        0  stm32f4xx_hal_i2c.o(i.I2C_RequestMemoryWrite)
    I2C_RequestMemoryWrite                   0x08001b45   Thumb Code   156  stm32f4xx_hal_i2c.o(i.I2C_RequestMemoryWrite)
    i.I2C_WaitOnBTFFlagUntilTimeout          0x08001be4   Section        0  stm32f4xx_hal_i2c.o(i.I2C_WaitOnBTFFlagUntilTimeout)
    I2C_WaitOnBTFFlagUntilTimeout            0x08001be5   Thumb Code    78  stm32f4xx_hal_i2c.o(i.I2C_WaitOnBTFFlagUntilTimeout)
    i.I2C_WaitOnFlagUntilTimeout             0x08001c32   Section        0  stm32f4xx_hal_i2c.o(i.I2C_WaitOnFlagUntilTimeout)
    I2C_WaitOnFlagUntilTimeout               0x08001c33   Thumb Code    96  stm32f4xx_hal_i2c.o(i.I2C_WaitOnFlagUntilTimeout)
    i.I2C_WaitOnMasterAddressFlagUntilTimeout 0x08001c94   Section        0  stm32f4xx_hal_i2c.o(i.I2C_WaitOnMasterAddressFlagUntilTimeout)
    I2C_WaitOnMasterAddressFlagUntilTimeout  0x08001c95   Thumb Code   136  stm32f4xx_hal_i2c.o(i.I2C_WaitOnMasterAddressFlagUntilTimeout)
    i.I2C_WaitOnRXNEFlagUntilTimeout         0x08001d1c   Section        0  stm32f4xx_hal_i2c.o(i.I2C_WaitOnRXNEFlagUntilTimeout)
    I2C_WaitOnRXNEFlagUntilTimeout           0x08001d1d   Thumb Code    98  stm32f4xx_hal_i2c.o(i.I2C_WaitOnRXNEFlagUntilTimeout)
    i.I2C_WaitOnTXEFlagUntilTimeout          0x08001d7e   Section        0  stm32f4xx_hal_i2c.o(i.I2C_WaitOnTXEFlagUntilTimeout)
    I2C_WaitOnTXEFlagUntilTimeout            0x08001d7f   Thumb Code    78  stm32f4xx_hal_i2c.o(i.I2C_WaitOnTXEFlagUntilTimeout)
    i.MX_FREERTOS_Init                       0x08001dcc   Section        0  freertos.o(i.MX_FREERTOS_Init)
    i.MX_GPIO_Init                           0x08001e4c   Section        0  gpio.o(i.MX_GPIO_Init)
    i.MX_I2C1_Init                           0x08001e88   Section        0  i2c.o(i.MX_I2C1_Init)
    i.MemManage_Handler                      0x08001ec8   Section        0  stm32f4xx_it.o(i.MemManage_Handler)
    i.NMI_Handler                            0x08001eca   Section        0  stm32f4xx_it.o(i.NMI_Handler)
    i.NVIC_SetPriority                       0x08001ecc   Section        0  stm32f4xx_hal_cortex.o(i.NVIC_SetPriority)
    NVIC_SetPriority                         0x08001ecd   Thumb Code    32  stm32f4xx_hal_cortex.o(i.NVIC_SetPriority)
    i.StartDefaultTask                       0x08001eec   Section        0  freertos.o(i.StartDefaultTask)
    i.StartTask02                            0x08001ef4   Section        0  freertos.o(i.StartTask02)
    i.StartTask03                            0x08001f28   Section        0  freertos.o(i.StartTask03)
    i.StartTask04                            0x08001f30   Section        0  freertos.o(i.StartTask04)
    i.StartTask05                            0x08001f38   Section        0  freertos.o(i.StartTask05)
    i.SysTick_Handler                        0x08001f40   Section        0  port.o(i.SysTick_Handler)
    i.SystemClock_Config                     0x08001f6c   Section        0  main.o(i.SystemClock_Config)
    i.SystemInit                             0x08001ff0   Section        0  system_stm32f4xx.o(i.SystemInit)
    i.TIM1_UP_TIM10_IRQHandler               0x08002044   Section        0  stm32f4xx_it.o(i.TIM1_UP_TIM10_IRQHandler)
    i.TIM_Base_SetConfig                     0x08002050   Section        0  stm32f4xx_hal_tim.o(i.TIM_Base_SetConfig)
    i.UsageFault_Handler                     0x08002110   Section        0  stm32f4xx_it.o(i.UsageFault_Handler)
    i.__ARM_fpclassify                       0x08002112   Section        0  fpclassify.o(i.__ARM_fpclassify)
    i.__hardfp_pow                           0x08002148   Section        0  pow.o(i.__hardfp_pow)
    i.__kernel_poly                          0x08002d98   Section        0  poly.o(i.__kernel_poly)
    i.__mathlib_dbl_divzero                  0x08002e90   Section        0  dunder.o(i.__mathlib_dbl_divzero)
    i.__mathlib_dbl_infnan2                  0x08002ec0   Section        0  dunder.o(i.__mathlib_dbl_infnan2)
    i.__mathlib_dbl_invalid                  0x08002ed8   Section        0  dunder.o(i.__mathlib_dbl_invalid)
    i.__mathlib_dbl_overflow                 0x08002ef8   Section        0  dunder.o(i.__mathlib_dbl_overflow)
    i.__mathlib_dbl_underflow                0x08002f18   Section        0  dunder.o(i.__mathlib_dbl_underflow)
    i.__scatterload_copy                     0x08002f38   Section       14  handlers.o(i.__scatterload_copy)
    i.__scatterload_null                     0x08002f46   Section        2  handlers.o(i.__scatterload_null)
    i.__scatterload_zeroinit                 0x08002f48   Section       14  handlers.o(i.__scatterload_zeroinit)
    i.__set_errno                            0x08002f58   Section        0  errno.o(i.__set_errno)
    i.calcAbsAltitude                        0x08002f64   Section        0  bmp180.o(i.calcAbsAltitude)
    i.calcPressure                           0x08002fb0   Section        0  bmp180.o(i.calcPressure)
    i.fabs                                   0x08003476   Section        0  fabs.o(i.fabs)
    i.initBMP180                             0x08003490   Section        0  bmp180.o(i.initBMP180)
    i.isBMP180Ready                          0x080034e8   Section        0  bmp180.o(i.isBMP180Ready)
    i.main                                   0x08003516   Section        0  main.o(i.main)
    i.makeFreeRtosPriority                   0x08003530   Section        0  cmsis_os.o(i.makeFreeRtosPriority)
    makeFreeRtosPriority                     0x08003531   Thumb Code    12  cmsis_os.o(i.makeFreeRtosPriority)
    i.osDelay                                0x0800353c   Section        0  cmsis_os.o(i.osDelay)
    i.osKernelStart                          0x0800354a   Section        0  cmsis_os.o(i.osKernelStart)
    i.osThreadCreate                         0x08003554   Section        0  cmsis_os.o(i.osThreadCreate)
    i.prvAddCurrentTaskToDelayedList         0x08003584   Section        0  tasks.o(i.prvAddCurrentTaskToDelayedList)
    prvAddCurrentTaskToDelayedList           0x08003585   Thumb Code   102  tasks.o(i.prvAddCurrentTaskToDelayedList)
    i.prvAddNewTaskToReadyList               0x080035f4   Section        0  tasks.o(i.prvAddNewTaskToReadyList)
    prvAddNewTaskToReadyList                 0x080035f5   Thumb Code   194  tasks.o(i.prvAddNewTaskToReadyList)
    i.prvCheckTasksWaitingTermination        0x080036c4   Section        0  tasks.o(i.prvCheckTasksWaitingTermination)
    prvCheckTasksWaitingTermination          0x080036c5   Thumb Code    70  tasks.o(i.prvCheckTasksWaitingTermination)
    i.prvDeleteTCB                           0x08003714   Section        0  tasks.o(i.prvDeleteTCB)
    prvDeleteTCB                             0x08003715   Thumb Code    20  tasks.o(i.prvDeleteTCB)
    i.prvHeapInit                            0x08003728   Section        0  heap_4.o(i.prvHeapInit)
    prvHeapInit                              0x08003729   Thumb Code    66  heap_4.o(i.prvHeapInit)
    i.prvIdleTask                            0x08003774   Section        0  tasks.o(i.prvIdleTask)
    prvIdleTask                              0x08003775   Thumb Code    30  tasks.o(i.prvIdleTask)
    i.prvInitialiseNewTask                   0x0800379c   Section        0  tasks.o(i.prvInitialiseNewTask)
    prvInitialiseNewTask                     0x0800379d   Thumb Code   142  tasks.o(i.prvInitialiseNewTask)
    i.prvInsertBlockIntoFreeList             0x0800382c   Section        0  heap_4.o(i.prvInsertBlockIntoFreeList)
    prvInsertBlockIntoFreeList               0x0800382d   Thumb Code    72  heap_4.o(i.prvInsertBlockIntoFreeList)
    i.prvResetNextTaskUnblockTime            0x08003878   Section        0  tasks.o(i.prvResetNextTaskUnblockTime)
    prvResetNextTaskUnblockTime              0x08003879   Thumb Code    26  tasks.o(i.prvResetNextTaskUnblockTime)
    i.prvTaskExitError                       0x08003898   Section        0  port.o(i.prvTaskExitError)
    prvTaskExitError                         0x08003899   Thumb Code    36  port.o(i.prvTaskExitError)
    i.pvPortMalloc                           0x080038c0   Section        0  heap_4.o(i.pvPortMalloc)
    i.pxPortInitialiseStack                  0x08003998   Section        0  port.o(i.pxPortInitialiseStack)
    i.read2Bytes                             0x080039c4   Section        0  bmp180.o(i.read2Bytes)
    i.readByte                               0x080039e4   Section        0  bmp180.o(i.readByte)
    i.readCalibrationValues                  0x080039fc   Section        0  bmp180.o(i.readCalibrationValues)
    i.sqrt                                   0x08003a84   Section        0  sqrt.o(i.sqrt)
    i.uxListRemove                           0x08003af2   Section        0  list.o(i.uxListRemove)
    i.vListInitialise                        0x08003b16   Section        0  list.o(i.vListInitialise)
    i.vListInitialiseItem                    0x08003b2c   Section        0  list.o(i.vListInitialiseItem)
    i.vListInsert                            0x08003b32   Section        0  list.o(i.vListInsert)
    i.vListInsertEnd                         0x08003b62   Section        0  list.o(i.vListInsertEnd)
    i.vPortEnterCritical                     0x08003b7c   Section        0  port.o(i.vPortEnterCritical)
    i.vPortExitCritical                      0x08003bbc   Section        0  port.o(i.vPortExitCritical)
    i.vPortFree                              0x08003be4   Section        0  heap_4.o(i.vPortFree)
    i.vPortSetupTimerInterrupt               0x08003c40   Section        0  port.o(i.vPortSetupTimerInterrupt)
    i.vTaskDelay                             0x08003c60   Section        0  tasks.o(i.vTaskDelay)
    i.vTaskStartScheduler                    0x08003cac   Section        0  tasks.o(i.vTaskStartScheduler)
    i.vTaskSuspendAll                        0x08003d14   Section        0  tasks.o(i.vTaskSuspendAll)
    i.vTaskSwitchContext                     0x08003d24   Section        0  tasks.o(i.vTaskSwitchContext)
    i.writeByte                              0x08003d80   Section        0  bmp180.o(i.writeByte)
    i.xPortStartScheduler                    0x08003d9c   Section        0  port.o(i.xPortStartScheduler)
    i.xTaskCreate                            0x08003e7c   Section        0  tasks.o(i.xTaskCreate)
    i.xTaskIncrementTick                     0x08003ed4   Section        0  tasks.o(i.xTaskIncrementTick)
    i.xTaskResumeAll                         0x08003f9c   Section        0  tasks.o(i.xTaskResumeAll)
    .constdata                               0x08004060   Section      100  freertos.o(.constdata)
    .constdata                               0x080040c4   Section       16  system_stm32f4xx.o(.constdata)
    .constdata                               0x080040d4   Section        8  system_stm32f4xx.o(.constdata)
    .constdata                               0x080040e0   Section      136  pow.o(.constdata)
    bp                                       0x080040e0   Data          16  pow.o(.constdata)
    dp_h                                     0x080040f0   Data          16  pow.o(.constdata)
    dp_l                                     0x08004100   Data          16  pow.o(.constdata)
    L                                        0x08004110   Data          48  pow.o(.constdata)
    P                                        0x08004140   Data          40  pow.o(.constdata)
    .constdata                               0x08004168   Section        8  qnan.o(.constdata)
    .conststring                             0x08004170   Section       60  freertos.o(.conststring)
    .data                                    0x20000000   Section       20  freertos.o(.data)
    .data                                    0x20000014   Section       12  stm32f4xx_hal.o(.data)
    .data                                    0x20000020   Section        4  system_stm32f4xx.o(.data)
    .data                                    0x20000024   Section       60  tasks.o(.data)
    uxDeletedTasksWaitingCleanUp             0x20000028   Data           4  tasks.o(.data)
    uxCurrentNumberOfTasks                   0x2000002c   Data           4  tasks.o(.data)
    xTickCount                               0x20000030   Data           4  tasks.o(.data)
    uxTopReadyPriority                       0x20000034   Data           4  tasks.o(.data)
    xSchedulerRunning                        0x20000038   Data           4  tasks.o(.data)
    uxPendedTicks                            0x2000003c   Data           4  tasks.o(.data)
    xYieldPending                            0x20000040   Data           4  tasks.o(.data)
    xNumOfOverflows                          0x20000044   Data           4  tasks.o(.data)
    uxTaskNumber                             0x20000048   Data           4  tasks.o(.data)
    xNextTaskUnblockTime                     0x2000004c   Data           4  tasks.o(.data)
    xIdleTaskHandle                          0x20000050   Data           4  tasks.o(.data)
    uxSchedulerSuspended                     0x20000054   Data           4  tasks.o(.data)
    pxDelayedTaskList                        0x20000058   Data           4  tasks.o(.data)
    pxOverflowDelayedTaskList                0x2000005c   Data           4  tasks.o(.data)
    .data                                    0x20000060   Section       24  heap_4.o(.data)
    pxEnd                                    0x20000060   Data           4  heap_4.o(.data)
    xFreeBytesRemaining                      0x20000064   Data           4  heap_4.o(.data)
    xMinimumEverFreeBytesRemaining           0x20000068   Data           4  heap_4.o(.data)
    xBlockAllocatedBit                       0x2000006c   Data           4  heap_4.o(.data)
    xStart                                   0x20000070   Data           8  heap_4.o(.data)
    .data                                    0x20000078   Section       12  port.o(.data)
    ucMaxSysCallPriority                     0x20000078   Data           1  port.o(.data)
    uxCriticalNesting                        0x2000007c   Data           4  port.o(.data)
    ulMaxPRIGROUPValue                       0x20000080   Data           4  port.o(.data)
    .data                                    0x20000084   Section        4  errno.o(.data)
    _errno                                   0x20000084   Data           4  errno.o(.data)
    .bss                                     0x20000088   Section      140  freertos.o(.bss)
    .bss                                     0x20000114   Section       84  i2c.o(.bss)
    .bss                                     0x20000168   Section       60  stm32f4xx_hal_timebase_tim.o(.bss)
    .bss                                     0x200001a4   Section      240  tasks.o(.bss)
    pxReadyTasksLists                        0x200001a4   Data         140  tasks.o(.bss)
    xDelayedTaskList1                        0x20000230   Data          20  tasks.o(.bss)
    xDelayedTaskList2                        0x20000244   Data          20  tasks.o(.bss)
    xPendingReadyList                        0x20000258   Data          20  tasks.o(.bss)
    xTasksWaitingTermination                 0x2000026c   Data          20  tasks.o(.bss)
    xSuspendedTaskList                       0x20000280   Data          20  tasks.o(.bss)
    .bss                                     0x20000294   Section    15360  heap_4.o(.bss)
    ucHeap                                   0x20000294   Data       15360  heap_4.o(.bss)
    STACK                                    0x20003e98   Section     1024  startup_stm32f407xx.o(STACK)

    Global Symbols

    Symbol Name                              Value     Ov Type        Size  Object(Section)

    BuildAttributes$$THM_ISAv4$E$P$D$K$B$S$7EM$VFPi3$EXTD16$VFPS$VFMA$PE$A:L22UL41UL21$X:L11$S22US41US21$IEEE1$IW$USESV6$~STKCKD$USESV7$~SHL$OTIME$ROPI$IEEEX$EBA8$MICROLIB$REQ8$PRES8$EABIv2 0x00000000   Number         0  anon$$obj.o ABSOLUTE
    __ARM_use_no_argv                        0x00000000   Number         0  main.o ABSOLUTE
    __cpp_initialize__aeabi_                  - Undefined Weak Reference
    __cxa_finalize                            - Undefined Weak Reference
    __decompress                              - Undefined Weak Reference
    _clock_init                               - Undefined Weak Reference
    _microlib_exit                            - Undefined Weak Reference
    __Vectors_Size                           0x00000188   Number         0  startup_stm32f407xx.o ABSOLUTE
    __Vectors                                0x08000000   Data           4  startup_stm32f407xx.o(RESET)
    __Vectors_End                            0x08000188   Data           0  startup_stm32f407xx.o(RESET)
    __main                                   0x08000189   Thumb Code     0  entry.o(.ARM.Collect$$$$00000000)
    _main_stk                                0x08000189   Thumb Code     0  entry2.o(.ARM.Collect$$$$00000001)
    _main_scatterload                        0x0800018d   Thumb Code     0  entry5.o(.ARM.Collect$$$$00000004)
    __main_after_scatterload                 0x08000191   Thumb Code     0  entry5.o(.ARM.Collect$$$$00000004)
    _main_clock                              0x08000191   Thumb Code     0  entry7b.o(.ARM.Collect$$$$00000008)
    _main_cpp_init                           0x08000191   Thumb Code     0  entry8b.o(.ARM.Collect$$$$0000000A)
    _main_init                               0x08000191   Thumb Code     0  entry9a.o(.ARM.Collect$$$$0000000B)
    __rt_final_cpp                           0x08000199   Thumb Code     0  entry10a.o(.ARM.Collect$$$$0000000D)
    __rt_final_exit                          0x08000199   Thumb Code     0  entry11a.o(.ARM.Collect$$$$0000000F)
    SVC_Handler                              0x0800019d   Thumb Code    28  port.o(.emb_text)
    __asm___6_port_c_39a90d8d__prvStartFirstTask 0x080001bd   Thumb Code    28  port.o(.emb_text)
    __asm___6_port_c_39a90d8d__prvEnableVFP  0x080001dd   Thumb Code    16  port.o(.emb_text)
    PendSV_Handler                           0x080001f1   Thumb Code    92  port.o(.emb_text)
    vPortGetIPSR                             0x08000251   Thumb Code     6  port.o(.emb_text)
    Reset_Handler                            0x08000259   Thumb Code     8  startup_stm32f407xx.o(.text)
    ADC_IRQHandler                           0x08000273   Thumb Code     0  startup_stm32f407xx.o(.text)
    CAN1_RX0_IRQHandler                      0x08000273   Thumb Code     0  startup_stm32f407xx.o(.text)
    CAN1_RX1_IRQHandler                      0x08000273   Thumb Code     0  startup_stm32f407xx.o(.text)
    CAN1_SCE_IRQHandler                      0x08000273   Thumb Code     0  startup_stm32f407xx.o(.text)
    CAN1_TX_IRQHandler                       0x08000273   Thumb Code     0  startup_stm32f407xx.o(.text)
    CAN2_RX0_IRQHandler                      0x08000273   Thumb Code     0  startup_stm32f407xx.o(.text)
    CAN2_RX1_IRQHandler                      0x08000273   Thumb Code     0  startup_stm32f407xx.o(.text)
    CAN2_SCE_IRQHandler                      0x08000273   Thumb Code     0  startup_stm32f407xx.o(.text)
    CAN2_TX_IRQHandler                       0x08000273   Thumb Code     0  startup_stm32f407xx.o(.text)
    DCMI_IRQHandler                          0x08000273   Thumb Code     0  startup_stm32f407xx.o(.text)
    DMA1_Stream0_IRQHandler                  0x08000273   Thumb Code     0  startup_stm32f407xx.o(.text)
    DMA1_Stream1_IRQHandler                  0x08000273   Thumb Code     0  startup_stm32f407xx.o(.text)
    DMA1_Stream2_IRQHandler                  0x08000273   Thumb Code     0  startup_stm32f407xx.o(.text)
    DMA1_Stream3_IRQHandler                  0x08000273   Thumb Code     0  startup_stm32f407xx.o(.text)
    DMA1_Stream4_IRQHandler                  0x08000273   Thumb Code     0  startup_stm32f407xx.o(.text)
    DMA1_Stream5_IRQHandler                  0x08000273   Thumb Code     0  startup_stm32f407xx.o(.text)
    DMA1_Stream6_IRQHandler                  0x08000273   Thumb Code     0  startup_stm32f407xx.o(.text)
    DMA1_Stream7_IRQHandler                  0x08000273   Thumb Code     0  startup_stm32f407xx.o(.text)
    DMA2_Stream0_IRQHandler                  0x08000273   Thumb Code     0  startup_stm32f407xx.o(.text)
    DMA2_Stream1_IRQHandler                  0x08000273   Thumb Code     0  startup_stm32f407xx.o(.text)
    DMA2_Stream2_IRQHandler                  0x08000273   Thumb Code     0  startup_stm32f407xx.o(.text)
    DMA2_Stream3_IRQHandler                  0x08000273   Thumb Code     0  startup_stm32f407xx.o(.text)
    DMA2_Stream4_IRQHandler                  0x08000273   Thumb Code     0  startup_stm32f407xx.o(.text)
    DMA2_Stream5_IRQHandler                  0x08000273   Thumb Code     0  startup_stm32f407xx.o(.text)
    DMA2_Stream6_IRQHandler                  0x08000273   Thumb Code     0  startup_stm32f407xx.o(.text)
    DMA2_Stream7_IRQHandler                  0x08000273   Thumb Code     0  startup_stm32f407xx.o(.text)
    ETH_IRQHandler                           0x08000273   Thumb Code     0  startup_stm32f407xx.o(.text)
    ETH_WKUP_IRQHandler                      0x08000273   Thumb Code     0  startup_stm32f407xx.o(.text)
    EXTI0_IRQHandler                         0x08000273   Thumb Code     0  startup_stm32f407xx.o(.text)
    EXTI15_10_IRQHandler                     0x08000273   Thumb Code     0  startup_stm32f407xx.o(.text)
    EXTI1_IRQHandler                         0x08000273   Thumb Code     0  startup_stm32f407xx.o(.text)
    EXTI2_IRQHandler                         0x08000273   Thumb Code     0  startup_stm32f407xx.o(.text)
    EXTI3_IRQHandler                         0x08000273   Thumb Code     0  startup_stm32f407xx.o(.text)
    EXTI4_IRQHandler                         0x08000273   Thumb Code     0  startup_stm32f407xx.o(.text)
    EXTI9_5_IRQHandler                       0x08000273   Thumb Code     0  startup_stm32f407xx.o(.text)
    FLASH_IRQHandler                         0x08000273   Thumb Code     0  startup_stm32f407xx.o(.text)
    FMC_IRQHandler                           0x08000273   Thumb Code     0  startup_stm32f407xx.o(.text)
    FPU_IRQHandler                           0x08000273   Thumb Code     0  startup_stm32f407xx.o(.text)
    HASH_RNG_IRQHandler                      0x08000273   Thumb Code     0  startup_stm32f407xx.o(.text)
    I2C1_ER_IRQHandler                       0x08000273   Thumb Code     0  startup_stm32f407xx.o(.text)
    I2C1_EV_IRQHandler                       0x08000273   Thumb Code     0  startup_stm32f407xx.o(.text)
    I2C2_ER_IRQHandler                       0x08000273   Thumb Code     0  startup_stm32f407xx.o(.text)
    I2C2_EV_IRQHandler                       0x08000273   Thumb Code     0  startup_stm32f407xx.o(.text)
    I2C3_ER_IRQHandler                       0x08000273   Thumb Code     0  startup_stm32f407xx.o(.text)
    I2C3_EV_IRQHandler                       0x08000273   Thumb Code     0  startup_stm32f407xx.o(.text)
    OTG_FS_IRQHandler                        0x08000273   Thumb Code     0  startup_stm32f407xx.o(.text)
    OTG_FS_WKUP_IRQHandler                   0x08000273   Thumb Code     0  startup_stm32f407xx.o(.text)
    OTG_HS_EP1_IN_IRQHandler                 0x08000273   Thumb Code     0  startup_stm32f407xx.o(.text)
    OTG_HS_EP1_OUT_IRQHandler                0x08000273   Thumb Code     0  startup_stm32f407xx.o(.text)
    OTG_HS_IRQHandler                        0x08000273   Thumb Code     0  startup_stm32f407xx.o(.text)
    OTG_HS_WKUP_IRQHandler                   0x08000273   Thumb Code     0  startup_stm32f407xx.o(.text)
    PVD_IRQHandler                           0x08000273   Thumb Code     0  startup_stm32f407xx.o(.text)
    RCC_IRQHandler                           0x08000273   Thumb Code     0  startup_stm32f407xx.o(.text)
    RTC_Alarm_IRQHandler                     0x08000273   Thumb Code     0  startup_stm32f407xx.o(.text)
    RTC_WKUP_IRQHandler                      0x08000273   Thumb Code     0  startup_stm32f407xx.o(.text)
    SDIO_IRQHandler                          0x08000273   Thumb Code     0  startup_stm32f407xx.o(.text)
    SPI1_IRQHandler                          0x08000273   Thumb Code     0  startup_stm32f407xx.o(.text)
    SPI2_IRQHandler                          0x08000273   Thumb Code     0  startup_stm32f407xx.o(.text)
    SPI3_IRQHandler                          0x08000273   Thumb Code     0  startup_stm32f407xx.o(.text)
    TAMP_STAMP_IRQHandler                    0x08000273   Thumb Code     0  startup_stm32f407xx.o(.text)
    TIM1_BRK_TIM9_IRQHandler                 0x08000273   Thumb Code     0  startup_stm32f407xx.o(.text)
    TIM1_CC_IRQHandler                       0x08000273   Thumb Code     0  startup_stm32f407xx.o(.text)
    TIM1_TRG_COM_TIM11_IRQHandler            0x08000273   Thumb Code     0  startup_stm32f407xx.o(.text)
    TIM2_IRQHandler                          0x08000273   Thumb Code     0  startup_stm32f407xx.o(.text)
    TIM3_IRQHandler                          0x08000273   Thumb Code     0  startup_stm32f407xx.o(.text)
    TIM4_IRQHandler                          0x08000273   Thumb Code     0  startup_stm32f407xx.o(.text)
    TIM5_IRQHandler                          0x08000273   Thumb Code     0  startup_stm32f407xx.o(.text)
    TIM6_DAC_IRQHandler                      0x08000273   Thumb Code     0  startup_stm32f407xx.o(.text)
    TIM7_IRQHandler                          0x08000273   Thumb Code     0  startup_stm32f407xx.o(.text)
    TIM8_BRK_TIM12_IRQHandler                0x08000273   Thumb Code     0  startup_stm32f407xx.o(.text)
    TIM8_CC_IRQHandler                       0x08000273   Thumb Code     0  startup_stm32f407xx.o(.text)
    TIM8_TRG_COM_TIM14_IRQHandler            0x08000273   Thumb Code     0  startup_stm32f407xx.o(.text)
    TIM8_UP_TIM13_IRQHandler                 0x08000273   Thumb Code     0  startup_stm32f407xx.o(.text)
    UART4_IRQHandler                         0x08000273   Thumb Code     0  startup_stm32f407xx.o(.text)
    UART5_IRQHandler                         0x08000273   Thumb Code     0  startup_stm32f407xx.o(.text)
    USART1_IRQHandler                        0x08000273   Thumb Code     0  startup_stm32f407xx.o(.text)
    USART2_IRQHandler                        0x08000273   Thumb Code     0  startup_stm32f407xx.o(.text)
    USART3_IRQHandler                        0x08000273   Thumb Code     0  startup_stm32f407xx.o(.text)
    USART6_IRQHandler                        0x08000273   Thumb Code     0  startup_stm32f407xx.o(.text)
    WWDG_IRQHandler                          0x08000273   Thumb Code     0  startup_stm32f407xx.o(.text)
    __aeabi_uldivmod                         0x0800027d   Thumb Code    98  uldiv.o(.text)
    __aeabi_memcpy                           0x080002df   Thumb Code    36  memcpya.o(.text)
    __aeabi_memcpy4                          0x080002df   Thumb Code     0  memcpya.o(.text)
    __aeabi_memcpy8                          0x080002df   Thumb Code     0  memcpya.o(.text)
    __aeabi_memset                           0x08000303   Thumb Code    14  memseta.o(.text)
    __aeabi_memset4                          0x08000303   Thumb Code     0  memseta.o(.text)
    __aeabi_memset8                          0x08000303   Thumb Code     0  memseta.o(.text)
    __aeabi_memclr                           0x08000311   Thumb Code     4  memseta.o(.text)
    __aeabi_memclr4                          0x08000311   Thumb Code     0  memseta.o(.text)
    __aeabi_memclr8                          0x08000311   Thumb Code     0  memseta.o(.text)
    _memset$wrapper                          0x08000315   Thumb Code    18  memseta.o(.text)
    __aeabi_dadd                             0x08000327   Thumb Code   322  dadd.o(.text)
    __aeabi_dsub                             0x08000469   Thumb Code     6  dadd.o(.text)
    __aeabi_drsub                            0x0800046f   Thumb Code     6  dadd.o(.text)
    __aeabi_dmul                             0x08000475   Thumb Code   228  dmul.o(.text)
    __aeabi_ddiv                             0x08000559   Thumb Code   222  ddiv.o(.text)
    __aeabi_i2d                              0x08000637   Thumb Code    34  dflti.o(.text)
    __aeabi_ui2d                             0x08000659   Thumb Code    26  dfltui.o(.text)
    __aeabi_d2iz                             0x08000673   Thumb Code    62  dfixi.o(.text)
    __aeabi_d2uiz                            0x080006b1   Thumb Code    50  dfixui.o(.text)
    __aeabi_d2f                              0x080006e3   Thumb Code    56  d2f.o(.text)
    __aeabi_llsl                             0x0800071b   Thumb Code    30  llshl.o(.text)
    _ll_shift_l                              0x0800071b   Thumb Code     0  llshl.o(.text)
    __aeabi_llsr                             0x08000739   Thumb Code    32  llushr.o(.text)
    _ll_ushift_r                             0x08000739   Thumb Code     0  llushr.o(.text)
    __aeabi_lasr                             0x08000759   Thumb Code    36  llsshr.o(.text)
    _ll_sshift_r                             0x08000759   Thumb Code     0  llsshr.o(.text)
    __I$use$fp                               0x0800077d   Thumb Code     0  iusefp.o(.text)
    _float_round                             0x0800077d   Thumb Code    18  fepilogue.o(.text)
    _float_epilogue                          0x0800078f   Thumb Code    92  fepilogue.o(.text)
    _double_round                            0x080007eb   Thumb Code    30  depilogue.o(.text)
    _double_epilogue                         0x08000809   Thumb Code   156  depilogue.o(.text)
    __ARM_scalbn                             0x080008a5   Thumb Code    46  dscalb.o(.text)
    scalbn                                   0x080008a5   Thumb Code     0  dscalb.o(.text)
    __aeabi_cdrcmple                         0x080008d5   Thumb Code    48  cdrcmple.o(.text)
    __scatterload                            0x08000905   Thumb Code    28  init.o(.text)
    __scatterload_rt2                        0x08000905   Thumb Code     0  init.o(.text)
    _dsqrt                                   0x08000929   Thumb Code   162  dsqrt.o(.text)
    BusFault_Handler                         0x080009cb   Thumb Code     2  stm32f4xx_it.o(i.BusFault_Handler)
    DebugMon_Handler                         0x080009cd   Thumb Code     2  stm32f4xx_it.o(i.DebugMon_Handler)
    Error_Handler                            0x080009cf   Thumb Code     2  main.o(i.Error_Handler)
    HAL_Delay                                0x080009d1   Thumb Code    32  stm32f4xx_hal.o(i.HAL_Delay)
    HAL_GPIO_Init                            0x080009f5   Thumb Code   388  stm32f4xx_hal_gpio.o(i.HAL_GPIO_Init)
    HAL_GetTick                              0x08000ba5   Thumb Code     6  stm32f4xx_hal.o(i.HAL_GetTick)
    HAL_I2C_Init                             0x08000bb1   Thumb Code   254  stm32f4xx_hal_i2c.o(i.HAL_I2C_Init)
    HAL_I2C_IsDeviceReady                    0x08000cb9   Thumb Code   344  stm32f4xx_hal_i2c.o(i.HAL_I2C_IsDeviceReady)
    HAL_I2C_Mem_Read                         0x08000e19   Thumb Code   496  stm32f4xx_hal_i2c.o(i.HAL_I2C_Mem_Read)
    HAL_I2C_Mem_Write                        0x08001015   Thumb Code   306  stm32f4xx_hal_i2c.o(i.HAL_I2C_Mem_Write)
    HAL_I2C_MspInit                          0x08001151   Thumb Code    92  i2c.o(i.HAL_I2C_MspInit)
    HAL_IncTick                              0x080011b9   Thumb Code    12  stm32f4xx_hal.o(i.HAL_IncTick)
    HAL_Init                                 0x080011c9   Thumb Code    48  stm32f4xx_hal.o(i.HAL_Init)
    HAL_InitTick                             0x080011fd   Thumb Code   100  stm32f4xx_hal_timebase_tim.o(i.HAL_InitTick)
    HAL_MspInit                              0x08001271   Thumb Code    52  stm32f4xx_hal_msp.o(i.HAL_MspInit)
    HAL_NVIC_EnableIRQ                       0x080012a9   Thumb Code    22  stm32f4xx_hal_cortex.o(i.HAL_NVIC_EnableIRQ)
    HAL_NVIC_SetPriority                     0x080012c1   Thumb Code    60  stm32f4xx_hal_cortex.o(i.HAL_NVIC_SetPriority)
    HAL_NVIC_SetPriorityGrouping             0x08001301   Thumb Code    26  stm32f4xx_hal_cortex.o(i.HAL_NVIC_SetPriorityGrouping)
    HAL_RCC_ClockConfig                      0x08001325   Thumb Code   286  stm32f4xx_hal_rcc.o(i.HAL_RCC_ClockConfig)
    HAL_RCC_GetClockConfig                   0x08001455   Thumb Code    54  stm32f4xx_hal_rcc.o(i.HAL_RCC_GetClockConfig)
    HAL_RCC_GetPCLK1Freq                     0x08001495   Thumb Code    20  stm32f4xx_hal_rcc.o(i.HAL_RCC_GetPCLK1Freq)
    HAL_RCC_GetPCLK2Freq                     0x080014b5   Thumb Code    20  stm32f4xx_hal_rcc.o(i.HAL_RCC_GetPCLK2Freq)
    HAL_RCC_GetSysClockFreq                  0x080014d5   Thumb Code    88  stm32f4xx_hal_rcc.o(i.HAL_RCC_GetSysClockFreq)
    HAL_RCC_OscConfig                        0x08001539   Thumb Code   770  stm32f4xx_hal_rcc.o(i.HAL_RCC_OscConfig)
    HAL_TIMEx_BreakCallback                  0x08001855   Thumb Code     2  stm32f4xx_hal_tim_ex.o(i.HAL_TIMEx_BreakCallback)
    HAL_TIMEx_CommutationCallback            0x08001857   Thumb Code     2  stm32f4xx_hal_tim_ex.o(i.HAL_TIMEx_CommutationCallback)
    HAL_TIM_Base_Init                        0x08001859   Thumb Code    54  stm32f4xx_hal_tim.o(i.HAL_TIM_Base_Init)
    HAL_TIM_Base_MspInit                     0x0800188f   Thumb Code     2  stm32f4xx_hal_tim.o(i.HAL_TIM_Base_MspInit)
    HAL_TIM_Base_Start_IT                    0x08001891   Thumb Code    24  stm32f4xx_hal_tim.o(i.HAL_TIM_Base_Start_IT)
    HAL_TIM_IC_CaptureCallback               0x080018a9   Thumb Code     2  stm32f4xx_hal_tim.o(i.HAL_TIM_IC_CaptureCallback)
    HAL_TIM_IRQHandler                       0x080018ab   Thumb Code   358  stm32f4xx_hal_tim.o(i.HAL_TIM_IRQHandler)
    HAL_TIM_OC_DelayElapsedCallback          0x08001a11   Thumb Code     2  stm32f4xx_hal_tim.o(i.HAL_TIM_OC_DelayElapsedCallback)
    HAL_TIM_PWM_PulseFinishedCallback        0x08001a13   Thumb Code     2  stm32f4xx_hal_tim.o(i.HAL_TIM_PWM_PulseFinishedCallback)
    HAL_TIM_PeriodElapsedCallback            0x08001a15   Thumb Code    14  main.o(i.HAL_TIM_PeriodElapsedCallback)
    HAL_TIM_TriggerCallback                  0x08001a29   Thumb Code     2  stm32f4xx_hal_tim.o(i.HAL_TIM_TriggerCallback)
    HardFault_Handler                        0x08001a2b   Thumb Code     2  stm32f4xx_it.o(i.HardFault_Handler)
    MX_FREERTOS_Init                         0x08001dcd   Thumb Code   118  freertos.o(i.MX_FREERTOS_Init)
    MX_GPIO_Init                             0x08001e4d   Thumb Code    54  gpio.o(i.MX_GPIO_Init)
    MX_I2C1_Init                             0x08001e89   Thumb Code    50  i2c.o(i.MX_I2C1_Init)
    MemManage_Handler                        0x08001ec9   Thumb Code     2  stm32f4xx_it.o(i.MemManage_Handler)
    NMI_Handler                              0x08001ecb   Thumb Code     2  stm32f4xx_it.o(i.NMI_Handler)
    StartDefaultTask                         0x08001eed   Thumb Code     8  freertos.o(i.StartDefaultTask)
    StartTask02                              0x08001ef5   Thumb Code    44  freertos.o(i.StartTask02)
    StartTask03                              0x08001f29   Thumb Code     8  freertos.o(i.StartTask03)
    StartTask04                              0x08001f31   Thumb Code     8  freertos.o(i.StartTask04)
    StartTask05                              0x08001f39   Thumb Code     8  freertos.o(i.StartTask05)
    SysTick_Handler                          0x08001f41   Thumb Code    38  port.o(i.SysTick_Handler)
    SystemClock_Config                       0x08001f6d   Thumb Code   124  main.o(i.SystemClock_Config)
    SystemInit                               0x08001ff1   Thumb Code    66  system_stm32f4xx.o(i.SystemInit)
    TIM1_UP_TIM10_IRQHandler                 0x08002045   Thumb Code     6  stm32f4xx_it.o(i.TIM1_UP_TIM10_IRQHandler)
    TIM_Base_SetConfig                       0x08002051   Thumb Code   148  stm32f4xx_hal_tim.o(i.TIM_Base_SetConfig)
    UsageFault_Handler                       0x08002111   Thumb Code     2  stm32f4xx_it.o(i.UsageFault_Handler)
    __ARM_fpclassify                         0x08002113   Thumb Code    48  fpclassify.o(i.__ARM_fpclassify)
    __hardfp_pow                             0x08002149   Thumb Code  3072  pow.o(i.__hardfp_pow)
    __kernel_poly                            0x08002d99   Thumb Code   248  poly.o(i.__kernel_poly)
    __mathlib_dbl_divzero                    0x08002e91   Thumb Code    28  dunder.o(i.__mathlib_dbl_divzero)
    __mathlib_dbl_infnan2                    0x08002ec1   Thumb Code    20  dunder.o(i.__mathlib_dbl_infnan2)
    __mathlib_dbl_invalid                    0x08002ed9   Thumb Code    24  dunder.o(i.__mathlib_dbl_invalid)
    __mathlib_dbl_overflow                   0x08002ef9   Thumb Code    24  dunder.o(i.__mathlib_dbl_overflow)
    __mathlib_dbl_underflow                  0x08002f19   Thumb Code    24  dunder.o(i.__mathlib_dbl_underflow)
    __scatterload_copy                       0x08002f39   Thumb Code    14  handlers.o(i.__scatterload_copy)
    __scatterload_null                       0x08002f47   Thumb Code     2  handlers.o(i.__scatterload_null)
    __scatterload_zeroinit                   0x08002f49   Thumb Code    14  handlers.o(i.__scatterload_zeroinit)
    __set_errno                              0x08002f59   Thumb Code     6  errno.o(i.__set_errno)
    calcAbsAltitude                          0x08002f65   Thumb Code    58  bmp180.o(i.calcAbsAltitude)
    calcPressure                             0x08002fb1   Thumb Code  1222  bmp180.o(i.calcPressure)
    fabs                                     0x08003477   Thumb Code    24  fabs.o(i.fabs)
    initBMP180                               0x08003491   Thumb Code    84  bmp180.o(i.initBMP180)
    isBMP180Ready                            0x080034e9   Thumb Code    46  bmp180.o(i.isBMP180Ready)
    main                                     0x08003517   Thumb Code    26  main.o(i.main)
    osDelay                                  0x0800353d   Thumb Code    14  cmsis_os.o(i.osDelay)
    osKernelStart                            0x0800354b   Thumb Code    10  cmsis_os.o(i.osKernelStart)
    osThreadCreate                           0x08003555   Thumb Code    46  cmsis_os.o(i.osThreadCreate)
    pvPortMalloc                             0x080038c1   Thumb Code   210  heap_4.o(i.pvPortMalloc)
    pxPortInitialiseStack                    0x08003999   Thumb Code    40  port.o(i.pxPortInitialiseStack)
    read2Bytes                               0x080039c5   Thumb Code    32  bmp180.o(i.read2Bytes)
    readByte                                 0x080039e5   Thumb Code    24  bmp180.o(i.readByte)
    readCalibrationValues                    0x080039fd   Thumb Code   136  bmp180.o(i.readCalibrationValues)
    sqrt                                     0x08003a85   Thumb Code   110  sqrt.o(i.sqrt)
    uxListRemove                             0x08003af3   Thumb Code    36  list.o(i.uxListRemove)
    vListInitialise                          0x08003b17   Thumb Code    22  list.o(i.vListInitialise)
    vListInitialiseItem                      0x08003b2d   Thumb Code     6  list.o(i.vListInitialiseItem)
    vListInsert                              0x08003b33   Thumb Code    48  list.o(i.vListInsert)
    vListInsertEnd                           0x08003b63   Thumb Code    24  list.o(i.vListInsertEnd)
    vPortEnterCritical                       0x08003b7d   Thumb Code    54  port.o(i.vPortEnterCritical)
    vPortExitCritical                        0x08003bbd   Thumb Code    34  port.o(i.vPortExitCritical)
    vPortFree                                0x08003be5   Thumb Code    88  heap_4.o(i.vPortFree)
    vPortSetupTimerInterrupt                 0x08003c41   Thumb Code    26  port.o(i.vPortSetupTimerInterrupt)
    vTaskDelay                               0x08003c61   Thumb Code    66  tasks.o(i.vTaskDelay)
    vTaskStartScheduler                      0x08003cad   Thumb Code    86  tasks.o(i.vTaskStartScheduler)
    vTaskSuspendAll                          0x08003d15   Thumb Code    10  tasks.o(i.vTaskSuspendAll)
    vTaskSwitchContext                       0x08003d25   Thumb Code    82  tasks.o(i.vTaskSwitchContext)
    writeByte                                0x08003d81   Thumb Code    26  bmp180.o(i.writeByte)
    xPortStartScheduler                      0x08003d9d   Thumb Code   202  port.o(i.xPortStartScheduler)
    xTaskCreate                              0x08003e7d   Thumb Code    86  tasks.o(i.xTaskCreate)
    xTaskIncrementTick                       0x08003ed5   Thumb Code   192  tasks.o(i.xTaskIncrementTick)
    xTaskResumeAll                           0x08003f9d   Thumb Code   182  tasks.o(i.xTaskResumeAll)
    AHBPrescTable                            0x080040c4   Data          16  system_stm32f4xx.o(.constdata)
    APBPrescTable                            0x080040d4   Data           8  system_stm32f4xx.o(.constdata)
    __mathlib_zero                           0x08004168   Data           8  qnan.o(.constdata)
    Region$$Table$$Base                      0x080041ac   Number         0  anon$$obj.o(Region$$Table)
    Region$$Table$$Limit                     0x080041cc   Number         0  anon$$obj.o(Region$$Table)
    defaultTaskHandle                        0x20000000   Data           4  freertos.o(.data)
    myTask02Handle                           0x20000004   Data           4  freertos.o(.data)
    myTask03Handle                           0x20000008   Data           4  freertos.o(.data)
    myTask04Handle                           0x2000000c   Data           4  freertos.o(.data)
    myTask05Handle                           0x20000010   Data           4  freertos.o(.data)
    uwTickFreq                               0x20000014   Data           1  stm32f4xx_hal.o(.data)
    uwTickPrio                               0x20000018   Data           4  stm32f4xx_hal.o(.data)
    uwTick                                   0x2000001c   Data           4  stm32f4xx_hal.o(.data)
    SystemCoreClock                          0x20000020   Data           4  system_stm32f4xx.o(.data)
    pxCurrentTCB                             0x20000024   Data           4  tasks.o(.data)
    BMP180                                   0x20000088   Data         140  freertos.o(.bss)
    hi2c1                                    0x20000114   Data          84  i2c.o(.bss)
    htim1                                    0x20000168   Data          60  stm32f4xx_hal_timebase_tim.o(.bss)
    __initial_sp                             0x20004298   Data           0  startup_stm32f407xx.o(STACK)



==============================================================================

Memory Map of the image

  Image Entry point : 0x08000189

  Load Region LR_IROM1 (Base: 0x08000000, Size: 0x00004254, Max: 0x00080000, ABSOLUTE)

    Execution Region ER_IROM1 (Exec base: 0x08000000, Load base: 0x08000000, Size: 0x000041cc, Max: 0x00080000, ABSOLUTE)

    Exec Addr    Load Addr    Size         Type   Attr      Idx    E Section Name        Object

    0x08000000   0x08000000   0x00000188   Data   RO            3    RESET               startup_stm32f407xx.o
    0x08000188   0x08000188   0x00000000   Code   RO         4021  * .ARM.Collect$$$$00000000  mc_w.l(entry.o)
    0x08000188   0x08000188   0x00000004   Code   RO         4085    .ARM.Collect$$$$00000001  mc_w.l(entry2.o)
    0x0800018c   0x0800018c   0x00000004   Code   RO         4088    .ARM.Collect$$$$00000004  mc_w.l(entry5.o)
    0x08000190   0x08000190   0x00000000   Code   RO         4090    .ARM.Collect$$$$00000008  mc_w.l(entry7b.o)
    0x08000190   0x08000190   0x00000000   Code   RO         4092    .ARM.Collect$$$$0000000A  mc_w.l(entry8b.o)
    0x08000190   0x08000190   0x00000008   Code   RO         4093    .ARM.Collect$$$$0000000B  mc_w.l(entry9a.o)
    0x08000198   0x08000198   0x00000000   Code   RO         4095    .ARM.Collect$$$$0000000D  mc_w.l(entry10a.o)
    0x08000198   0x08000198   0x00000000   Code   RO         4097    .ARM.Collect$$$$0000000F  mc_w.l(entry11a.o)
    0x08000198   0x08000198   0x00000004   Code   RO         4086    .ARM.Collect$$$$00002712  mc_w.l(entry2.o)
    0x0800019c   0x0800019c   0x000000ba   Code   RO         3930    .emb_text           port.o
    0x08000256   0x08000256   0x00000002   PAD
    0x08000258   0x08000258   0x00000024   Code   RO            4    .text               startup_stm32f407xx.o
    0x0800027c   0x0800027c   0x00000062   Code   RO         4024    .text               mc_w.l(uldiv.o)
    0x080002de   0x080002de   0x00000024   Code   RO         4026    .text               mc_w.l(memcpya.o)
    0x08000302   0x08000302   0x00000024   Code   RO         4028    .text               mc_w.l(memseta.o)
    0x08000326   0x08000326   0x0000014e   Code   RO         4032    .text               mf_w.l(dadd.o)
    0x08000474   0x08000474   0x000000e4   Code   RO         4034    .text               mf_w.l(dmul.o)
    0x08000558   0x08000558   0x000000de   Code   RO         4036    .text               mf_w.l(ddiv.o)
    0x08000636   0x08000636   0x00000022   Code   RO         4038    .text               mf_w.l(dflti.o)
    0x08000658   0x08000658   0x0000001a   Code   RO         4040    .text               mf_w.l(dfltui.o)
    0x08000672   0x08000672   0x0000003e   Code   RO         4042    .text               mf_w.l(dfixi.o)
    0x080006b0   0x080006b0   0x00000032   Code   RO         4044    .text               mf_w.l(dfixui.o)
    0x080006e2   0x080006e2   0x00000038   Code   RO         4046    .text               mf_w.l(d2f.o)
    0x0800071a   0x0800071a   0x0000001e   Code   RO         4099    .text               mc_w.l(llshl.o)
    0x08000738   0x08000738   0x00000020   Code   RO         4101    .text               mc_w.l(llushr.o)
    0x08000758   0x08000758   0x00000024   Code   RO         4103    .text               mc_w.l(llsshr.o)
    0x0800077c   0x0800077c   0x00000000   Code   RO         4112    .text               mc_w.l(iusefp.o)
    0x0800077c   0x0800077c   0x0000006e   Code   RO         4113    .text               mf_w.l(fepilogue.o)
    0x080007ea   0x080007ea   0x000000ba   Code   RO         4115    .text               mf_w.l(depilogue.o)
    0x080008a4   0x080008a4   0x0000002e   Code   RO         4119    .text               mf_w.l(dscalb.o)
    0x080008d2   0x080008d2   0x00000002   PAD
    0x080008d4   0x080008d4   0x00000030   Code   RO         4121    .text               mf_w.l(cdrcmple.o)
    0x08000904   0x08000904   0x00000024   Code   RO         4123    .text               mc_w.l(init.o)
    0x08000928   0x08000928   0x000000a2   Code   RO         4125    .text               mf_w.l(dsqrt.o)
    0x080009ca   0x080009ca   0x00000002   Code   RO          439    i.BusFault_Handler  stm32f4xx_it.o
    0x080009cc   0x080009cc   0x00000002   Code   RO          440    i.DebugMon_Handler  stm32f4xx_it.o
    0x080009ce   0x080009ce   0x00000002   Code   RO          194    i.Error_Handler     main.o
    0x080009d0   0x080009d0   0x00000024   Code   RO         2733    i.HAL_Delay         stm32f4xx_hal.o
    0x080009f4   0x080009f4   0x000001b0   Code   RO         2207    i.HAL_GPIO_Init     stm32f4xx_hal_gpio.o
    0x08000ba4   0x08000ba4   0x0000000c   Code   RO         2739    i.HAL_GetTick       stm32f4xx_hal.o
    0x08000bb0   0x08000bb0   0x00000108   Code   RO          577    i.HAL_I2C_Init      stm32f4xx_hal_i2c.o
    0x08000cb8   0x08000cb8   0x00000160   Code   RO          578    i.HAL_I2C_IsDeviceReady  stm32f4xx_hal_i2c.o
    0x08000e18   0x08000e18   0x000001fc   Code   RO          593    i.HAL_I2C_Mem_Read  stm32f4xx_hal_i2c.o
    0x08001014   0x08001014   0x0000013c   Code   RO          596    i.HAL_I2C_Mem_Write  stm32f4xx_hal_i2c.o
    0x08001150   0x08001150   0x00000068   Code   RO          398    i.HAL_I2C_MspInit   i2c.o
    0x080011b8   0x080011b8   0x00000010   Code   RO         2743    i.HAL_IncTick       stm32f4xx_hal.o
    0x080011c8   0x080011c8   0x00000034   Code   RO         2744    i.HAL_Init          stm32f4xx_hal.o
    0x080011fc   0x080011fc   0x00000074   Code   RO          527    i.HAL_InitTick      stm32f4xx_hal_timebase_tim.o
    0x08001270   0x08001270   0x00000038   Code   RO          503    i.HAL_MspInit       stm32f4xx_hal_msp.o
    0x080012a8   0x080012a8   0x00000016   Code   RO         2596    i.HAL_NVIC_EnableIRQ  stm32f4xx_hal_cortex.o
    0x080012be   0x080012be   0x00000002   PAD
    0x080012c0   0x080012c0   0x00000040   Code   RO         2602    i.HAL_NVIC_SetPriority  stm32f4xx_hal_cortex.o
    0x08001300   0x08001300   0x00000024   Code   RO         2603    i.HAL_NVIC_SetPriorityGrouping  stm32f4xx_hal_cortex.o
    0x08001324   0x08001324   0x00000130   Code   RO         1853    i.HAL_RCC_ClockConfig  stm32f4xx_hal_rcc.o
    0x08001454   0x08001454   0x00000040   Code   RO         1857    i.HAL_RCC_GetClockConfig  stm32f4xx_hal_rcc.o
    0x08001494   0x08001494   0x00000020   Code   RO         1860    i.HAL_RCC_GetPCLK1Freq  stm32f4xx_hal_rcc.o
    0x080014b4   0x080014b4   0x00000020   Code   RO         1861    i.HAL_RCC_GetPCLK2Freq  stm32f4xx_hal_rcc.o
    0x080014d4   0x080014d4   0x00000064   Code   RO         1862    i.HAL_RCC_GetSysClockFreq  stm32f4xx_hal_rcc.o
    0x08001538   0x08001538   0x0000031c   Code   RO         1865    i.HAL_RCC_OscConfig  stm32f4xx_hal_rcc.o
    0x08001854   0x08001854   0x00000002   Code   RO         1613    i.HAL_TIMEx_BreakCallback  stm32f4xx_hal_tim_ex.o
    0x08001856   0x08001856   0x00000002   Code   RO         1614    i.HAL_TIMEx_CommutationCallback  stm32f4xx_hal_tim_ex.o
    0x08001858   0x08001858   0x00000036   Code   RO          984    i.HAL_TIM_Base_Init  stm32f4xx_hal_tim.o
    0x0800188e   0x0800188e   0x00000002   Code   RO          986    i.HAL_TIM_Base_MspInit  stm32f4xx_hal_tim.o
    0x08001890   0x08001890   0x00000018   Code   RO          989    i.HAL_TIM_Base_Start_IT  stm32f4xx_hal_tim.o
    0x080018a8   0x080018a8   0x00000002   Code   RO         1013    i.HAL_TIM_IC_CaptureCallback  stm32f4xx_hal_tim.o
    0x080018aa   0x080018aa   0x00000166   Code   RO         1026    i.HAL_TIM_IRQHandler  stm32f4xx_hal_tim.o
    0x08001a10   0x08001a10   0x00000002   Code   RO         1029    i.HAL_TIM_OC_DelayElapsedCallback  stm32f4xx_hal_tim.o
    0x08001a12   0x08001a12   0x00000002   Code   RO         1056    i.HAL_TIM_PWM_PulseFinishedCallback  stm32f4xx_hal_tim.o
    0x08001a14   0x08001a14   0x00000014   Code   RO          195    i.HAL_TIM_PeriodElapsedCallback  main.o
    0x08001a28   0x08001a28   0x00000002   Code   RO         1067    i.HAL_TIM_TriggerCallback  stm32f4xx_hal_tim.o
    0x08001a2a   0x08001a2a   0x00000002   Code   RO          441    i.HardFault_Handler  stm32f4xx_it.o
    0x08001a2c   0x08001a2c   0x00000028   Code   RO          615    i.I2C_IsAcknowledgeFailed  stm32f4xx_hal_i2c.o
    0x08001a54   0x08001a54   0x000000f0   Code   RO          624    i.I2C_RequestMemoryRead  stm32f4xx_hal_i2c.o
    0x08001b44   0x08001b44   0x000000a0   Code   RO          625    i.I2C_RequestMemoryWrite  stm32f4xx_hal_i2c.o
    0x08001be4   0x08001be4   0x0000004e   Code   RO          628    i.I2C_WaitOnBTFFlagUntilTimeout  stm32f4xx_hal_i2c.o
    0x08001c32   0x08001c32   0x00000060   Code   RO          629    i.I2C_WaitOnFlagUntilTimeout  stm32f4xx_hal_i2c.o
    0x08001c92   0x08001c92   0x00000002   PAD
    0x08001c94   0x08001c94   0x00000088   Code   RO          630    i.I2C_WaitOnMasterAddressFlagUntilTimeout  stm32f4xx_hal_i2c.o
    0x08001d1c   0x08001d1c   0x00000062   Code   RO          631    i.I2C_WaitOnRXNEFlagUntilTimeout  stm32f4xx_hal_i2c.o
    0x08001d7e   0x08001d7e   0x0000004e   Code   RO          632    i.I2C_WaitOnTXEFlagUntilTimeout  stm32f4xx_hal_i2c.o
    0x08001dcc   0x08001dcc   0x00000080   Code   RO          315    i.MX_FREERTOS_Init  freertos.o
    0x08001e4c   0x08001e4c   0x0000003c   Code   RO          291    i.MX_GPIO_Init      gpio.o
    0x08001e88   0x08001e88   0x00000040   Code   RO          399    i.MX_I2C1_Init      i2c.o
    0x08001ec8   0x08001ec8   0x00000002   Code   RO          442    i.MemManage_Handler  stm32f4xx_it.o
    0x08001eca   0x08001eca   0x00000002   Code   RO          443    i.NMI_Handler       stm32f4xx_it.o
    0x08001ecc   0x08001ecc   0x00000020   Code   RO         2609    i.NVIC_SetPriority  stm32f4xx_hal_cortex.o
    0x08001eec   0x08001eec   0x00000008   Code   RO          316    i.StartDefaultTask  freertos.o
    0x08001ef4   0x08001ef4   0x00000034   Code   RO          317    i.StartTask02       freertos.o
    0x08001f28   0x08001f28   0x00000008   Code   RO          318    i.StartTask03       freertos.o
    0x08001f30   0x08001f30   0x00000008   Code   RO          319    i.StartTask04       freertos.o
    0x08001f38   0x08001f38   0x00000008   Code   RO          320    i.StartTask05       freertos.o
    0x08001f40   0x08001f40   0x0000002c   Code   RO         3931    i.SysTick_Handler   port.o
    0x08001f6c   0x08001f6c   0x00000084   Code   RO          196    i.SystemClock_Config  main.o
    0x08001ff0   0x08001ff0   0x00000054   Code   RO         2898    i.SystemInit        system_stm32f4xx.o
    0x08002044   0x08002044   0x0000000c   Code   RO          444    i.TIM1_UP_TIM10_IRQHandler  stm32f4xx_it.o
    0x08002050   0x08002050   0x000000c0   Code   RO         1068    i.TIM_Base_SetConfig  stm32f4xx_hal_tim.o
    0x08002110   0x08002110   0x00000002   Code   RO          445    i.UsageFault_Handler  stm32f4xx_it.o
    0x08002112   0x08002112   0x00000030   Code   RO         4068    i.__ARM_fpclassify  m_wm.l(fpclassify.o)
    0x08002142   0x08002142   0x00000006   PAD
    0x08002148   0x08002148   0x00000c50   Code   RO         4007    i.__hardfp_pow      m_wm.l(pow.o)
    0x08002d98   0x08002d98   0x000000f8   Code   RO         4070    i.__kernel_poly     m_wm.l(poly.o)
    0x08002e90   0x08002e90   0x00000030   Code   RO         4048    i.__mathlib_dbl_divzero  m_wm.l(dunder.o)
    0x08002ec0   0x08002ec0   0x00000014   Code   RO         4050    i.__mathlib_dbl_infnan2  m_wm.l(dunder.o)
    0x08002ed4   0x08002ed4   0x00000004   PAD
    0x08002ed8   0x08002ed8   0x00000020   Code   RO         4051    i.__mathlib_dbl_invalid  m_wm.l(dunder.o)
    0x08002ef8   0x08002ef8   0x00000020   Code   RO         4052    i.__mathlib_dbl_overflow  m_wm.l(dunder.o)
    0x08002f18   0x08002f18   0x00000020   Code   RO         4054    i.__mathlib_dbl_underflow  m_wm.l(dunder.o)
    0x08002f38   0x08002f38   0x0000000e   Code   RO         4131    i.__scatterload_copy  mc_w.l(handlers.o)
    0x08002f46   0x08002f46   0x00000002   Code   RO         4132    i.__scatterload_null  mc_w.l(handlers.o)
    0x08002f48   0x08002f48   0x0000000e   Code   RO         4133    i.__scatterload_zeroinit  mc_w.l(handlers.o)
    0x08002f56   0x08002f56   0x00000002   PAD
    0x08002f58   0x08002f58   0x0000000c   Code   RO         4107    i.__set_errno       mc_w.l(errno.o)
    0x08002f64   0x08002f64   0x0000004c   Code   RO           13    i.calcAbsAltitude   bmp180.o
    0x08002fb0   0x08002fb0   0x000004c6   Code   RO           14    i.calcPressure      bmp180.o
    0x08003476   0x08003476   0x00000018   Code   RO         4064    i.fabs              m_wm.l(fabs.o)
    0x0800348e   0x0800348e   0x00000002   PAD
    0x08003490   0x08003490   0x00000058   Code   RO           16    i.initBMP180        bmp180.o
    0x080034e8   0x080034e8   0x0000002e   Code   RO           17    i.isBMP180Ready     bmp180.o
    0x08003516   0x08003516   0x0000001a   Code   RO          197    i.main              main.o
    0x08003530   0x08003530   0x0000000c   Code   RO         3496    i.makeFreeRtosPriority  cmsis_os.o
    0x0800353c   0x0800353c   0x0000000e   Code   RO         3498    i.osDelay           cmsis_os.o
    0x0800354a   0x0800354a   0x0000000a   Code   RO         3501    i.osKernelStart     cmsis_os.o
    0x08003554   0x08003554   0x0000002e   Code   RO         3535    i.osThreadCreate    cmsis_os.o
    0x08003582   0x08003582   0x00000002   PAD
    0x08003584   0x08003584   0x00000070   Code   RO         3207    i.prvAddCurrentTaskToDelayedList  tasks.o
    0x080035f4   0x080035f4   0x000000d0   Code   RO         3208    i.prvAddNewTaskToReadyList  tasks.o
    0x080036c4   0x080036c4   0x00000050   Code   RO         3209    i.prvCheckTasksWaitingTermination  tasks.o
    0x08003714   0x08003714   0x00000014   Code   RO         3210    i.prvDeleteTCB      tasks.o
    0x08003728   0x08003728   0x0000004c   Code   RO         3869    i.prvHeapInit       heap_4.o
    0x08003774   0x08003774   0x00000028   Code   RO         3211    i.prvIdleTask       tasks.o
    0x0800379c   0x0800379c   0x0000008e   Code   RO         3212    i.prvInitialiseNewTask  tasks.o
    0x0800382a   0x0800382a   0x00000002   PAD
    0x0800382c   0x0800382c   0x0000004c   Code   RO         3870    i.prvInsertBlockIntoFreeList  heap_4.o
    0x08003878   0x08003878   0x00000020   Code   RO         3213    i.prvResetNextTaskUnblockTime  tasks.o
    0x08003898   0x08003898   0x00000028   Code   RO         3932    i.prvTaskExitError  port.o
    0x080038c0   0x080038c0   0x000000d8   Code   RO         3871    i.pvPortMalloc      heap_4.o
    0x08003998   0x08003998   0x0000002c   Code   RO         3933    i.pxPortInitialiseStack  port.o
    0x080039c4   0x080039c4   0x00000020   Code   RO           18    i.read2Bytes        bmp180.o
    0x080039e4   0x080039e4   0x00000018   Code   RO           19    i.readByte          bmp180.o
    0x080039fc   0x080039fc   0x00000088   Code   RO           20    i.readCalibrationValues  bmp180.o
    0x08003a84   0x08003a84   0x0000006e   Code   RO         4075    i.sqrt              m_wm.l(sqrt.o)
    0x08003af2   0x08003af2   0x00000024   Code   RO         3030    i.uxListRemove      list.o
    0x08003b16   0x08003b16   0x00000016   Code   RO         3031    i.vListInitialise   list.o
    0x08003b2c   0x08003b2c   0x00000006   Code   RO         3032    i.vListInitialiseItem  list.o
    0x08003b32   0x08003b32   0x00000030   Code   RO         3033    i.vListInsert       list.o
    0x08003b62   0x08003b62   0x00000018   Code   RO         3034    i.vListInsertEnd    list.o
    0x08003b7a   0x08003b7a   0x00000002   PAD
    0x08003b7c   0x08003b7c   0x00000040   Code   RO         3935    i.vPortEnterCritical  port.o
    0x08003bbc   0x08003bbc   0x00000028   Code   RO         3936    i.vPortExitCritical  port.o
    0x08003be4   0x08003be4   0x0000005c   Code   RO         3872    i.vPortFree         heap_4.o
    0x08003c40   0x08003c40   0x00000020   Code   RO         3937    i.vPortSetupTimerInterrupt  port.o
    0x08003c60   0x08003c60   0x0000004c   Code   RO         3221    i.vTaskDelay        tasks.o
    0x08003cac   0x08003cac   0x00000068   Code   RO         3232    i.vTaskStartScheduler  tasks.o
    0x08003d14   0x08003d14   0x00000010   Code   RO         3234    i.vTaskSuspendAll   tasks.o
    0x08003d24   0x08003d24   0x0000005c   Code   RO         3235    i.vTaskSwitchContext  tasks.o
    0x08003d80   0x08003d80   0x0000001a   Code   RO           21    i.writeByte         bmp180.o
    0x08003d9a   0x08003d9a   0x00000002   PAD
    0x08003d9c   0x08003d9c   0x000000e0   Code   RO         3939    i.xPortStartScheduler  port.o
    0x08003e7c   0x08003e7c   0x00000056   Code   RO         3237    i.xTaskCreate       tasks.o
    0x08003ed2   0x08003ed2   0x00000002   PAD
    0x08003ed4   0x08003ed4   0x000000c8   Code   RO         3244    i.xTaskIncrementTick  tasks.o
    0x08003f9c   0x08003f9c   0x000000c4   Code   RO         3250    i.xTaskResumeAll    tasks.o
    0x08004060   0x08004060   0x00000064   Data   RO          322    .constdata          freertos.o
    0x080040c4   0x080040c4   0x00000010   Data   RO         2899    .constdata          system_stm32f4xx.o
    0x080040d4   0x080040d4   0x00000008   Data   RO         2900    .constdata          system_stm32f4xx.o
    0x080040dc   0x080040dc   0x00000004   PAD
    0x080040e0   0x080040e0   0x00000088   Data   RO         4010    .constdata          m_wm.l(pow.o)
    0x08004168   0x08004168   0x00000008   Data   RO         4072    .constdata          m_wm.l(qnan.o)
    0x08004170   0x08004170   0x0000003c   Data   RO          323    .conststring        freertos.o
    0x080041ac   0x080041ac   0x00000020   Data   RO         4129    Region$$Table       anon$$obj.o


    Execution Region RW_IRAM1 (Exec base: 0x20000000, Load base: 0x080041cc, Size: 0x00004298, Max: 0x00020000, ABSOLUTE)

    Exec Addr    Load Addr    Size         Type   Attr      Idx    E Section Name        Object

    0x20000000   0x080041cc   0x00000014   Data   RW          325    .data               freertos.o
    0x20000014   0x080041e0   0x0000000c   Data   RW         2751    .data               stm32f4xx_hal.o
    0x20000020   0x080041ec   0x00000004   Data   RW         2901    .data               system_stm32f4xx.o
    0x20000024   0x080041f0   0x0000003c   Data   RW         3253    .data               tasks.o
    0x20000060   0x0800422c   0x00000018   Data   RW         3877    .data               heap_4.o
    0x20000078   0x08004244   0x0000000c   Data   RW         3940    .data               port.o
    0x20000084   0x08004250   0x00000004   Data   RW         4108    .data               mc_w.l(errno.o)
    0x20000088        -       0x0000008c   Zero   RW          321    .bss                freertos.o
    0x20000114        -       0x00000054   Zero   RW          400    .bss                i2c.o
    0x20000168        -       0x0000003c   Zero   RW          530    .bss                stm32f4xx_hal_timebase_tim.o
    0x200001a4        -       0x000000f0   Zero   RW         3252    .bss                tasks.o
    0x20000294        -       0x00003c00   Zero   RW         3876    .bss                heap_4.o
    0x20003e94   0x08004254   0x00000004   PAD
    0x20003e98        -       0x00000400   Zero   RW            1    STACK               startup_stm32f407xx.o


==============================================================================

Image component sizes


      Code (inc. data)   RO Data    RW Data    ZI Data      Debug   Object Name

      1650        108          0          0          0     684434   bmp180.o
        82          0          0          0          0      13009   cmsis_os.o
         0          0          0          0          0       9640   event_groups.o
       212         18        160         20        140       4356   freertos.o
        60          6          0          0          0        887   gpio.o
       460         24          0         24      15360       7603   heap_4.o
       168         26          0          0         84       1801   i2c.o
       136          0          0          0          0       3778   list.o
       180         14          0          0          0      23516   main.o
       674         74          0         12          0      11452   port.o
        36          8        392          0       1024        876   startup_stm32f407xx.o
       116         18          0         12          0       4118   stm32f4xx_hal.o
       154         14          0          0          0      29802   stm32f4xx_hal_cortex.o
       432         44          0          0          0       1844   stm32f4xx_hal_gpio.o
      2366         44          0          0          0      14838   stm32f4xx_hal_i2c.o
        56          4          0          0          0        914   stm32f4xx_hal_msp.o
      1328         90          0          0          0       6077   stm32f4xx_hal_rcc.o
       638         44          0          0          0       7438   stm32f4xx_hal_tim.o
         4          0          0          0          0       1726   stm32f4xx_hal_tim_ex.o
       116         16          0          0         60       1515   stm32f4xx_hal_timebase_tim.o
        24          6          0          0          0       3480   stm32f4xx_it.o
        84         18         24          4          0       1275   system_stm32f4xx.o
      1404        116          0         60        240      16026   tasks.o

    ----------------------------------------------------------------------
     10396        692        612        132      16912     850405   Object Totals
         0          0         32          0          0          0   (incl. Generated)
        16          0          4          0          4          0   (incl. Padding)

    ----------------------------------------------------------------------

      Code (inc. data)   RO Data    RW Data    ZI Data      Debug   Library Member Name

       164         44          0          0          0        620   dunder.o
        24          0          0          0          0        124   fabs.o
        48          0          0          0          0        124   fpclassify.o
       248          0          0          0          0        152   poly.o
      3152        296        136          0          0        352   pow.o
         0          0          8          0          0          0   qnan.o
       110          0          0          0          0        148   sqrt.o
         0          0          0          0          0          0   entry.o
         0          0          0          0          0          0   entry10a.o
         0          0          0          0          0          0   entry11a.o
         8          4          0          0          0          0   entry2.o
         4          0          0          0          0          0   entry5.o
         0          0          0          0          0          0   entry7b.o
         0          0          0          0          0          0   entry8b.o
         8          4          0          0          0          0   entry9a.o
        12          6          0          4          0         68   errno.o
        30          0          0          0          0          0   handlers.o
        36          8          0          0          0         68   init.o
         0          0          0          0          0          0   iusefp.o
        30          0          0          0          0         68   llshl.o
        36          0          0          0          0         68   llsshr.o
        32          0          0          0          0         68   llushr.o
        36          0          0          0          0         68   memcpya.o
        36          0          0          0          0        108   memseta.o
        98          0          0          0          0         92   uldiv.o
        48          0          0          0          0         68   cdrcmple.o
        56          0          0          0          0         88   d2f.o
       334          0          0          0          0        148   dadd.o
       222          0          0          0          0        100   ddiv.o
       186          0          0          0          0        176   depilogue.o
        62          0          0          0          0         80   dfixi.o
        50          0          0          0          0         76   dfixui.o
        34          0          0          0          0         76   dflti.o
        26          0          0          0          0         76   dfltui.o
       228          0          0          0          0         96   dmul.o
        46          0          0          0          0         80   dscalb.o
       162          0          0          0          0        100   dsqrt.o
       110          0          0          0          0        168   fepilogue.o

    ----------------------------------------------------------------------
      5692        362        144          4          0       3460   Library Totals
        16          0          0          0          0          0   (incl. Padding)

    ----------------------------------------------------------------------

      Code (inc. data)   RO Data    RW Data    ZI Data      Debug   Library Name

      3746        340        144          0          0       1520   m_wm.l
       366         22          0          4          0        608   mc_w.l
      1564          0          0          0          0       1332   mf_w.l

    ----------------------------------------------------------------------
      5692        362        144          4          0       3460   Library Totals

    ----------------------------------------------------------------------

==============================================================================


      Code (inc. data)   RO Data    RW Data    ZI Data      Debug   

     16088       1054        756        136      16912     842381   Grand Totals
     16088       1054        756        136      16912     842381   ELF Image Totals
     16088       1054        756        136          0          0   ROM Totals

==============================================================================

    Total RO  Size (Code + RO Data)                16844 (  16.45kB)
    Total RW  Size (RW Data + ZI Data)             17048 (  16.65kB)
    Total ROM Size (Code + RO Data + RW Data)      16980 (  16.58kB)

==============================================================================

